Archive member included to satisfy reference by file (symbol)

/usr/lib/gcc/arm-none-eabi/9.2.1/../../../arm-none-eabi/lib/thumb/v7e-m+dp/hard/libc_nano.a(lib_a-atexit.o)
                              /usr/lib/gcc/arm-none-eabi/9.2.1/../../../arm-none-eabi/lib/thumb/v7e-m+dp/hard/crt0.o (atexit)
/usr/lib/gcc/arm-none-eabi/9.2.1/../../../arm-none-eabi/lib/thumb/v7e-m+dp/hard/libc_nano.a(lib_a-exit.o)
                              /usr/lib/gcc/arm-none-eabi/9.2.1/../../../arm-none-eabi/lib/thumb/v7e-m+dp/hard/crt0.o (exit)
/usr/lib/gcc/arm-none-eabi/9.2.1/../../../arm-none-eabi/lib/thumb/v7e-m+dp/hard/libc_nano.a(lib_a-fini.o)
                              /usr/lib/gcc/arm-none-eabi/9.2.1/../../../arm-none-eabi/lib/thumb/v7e-m+dp/hard/crt0.o (__libc_fini_array)
/usr/lib/gcc/arm-none-eabi/9.2.1/../../../arm-none-eabi/lib/thumb/v7e-m+dp/hard/libc_nano.a(lib_a-impure.o)
                              /usr/lib/gcc/arm-none-eabi/9.2.1/../../../arm-none-eabi/lib/thumb/v7e-m+dp/hard/libc_nano.a(lib_a-exit.o) (_global_impure_ptr)
/usr/lib/gcc/arm-none-eabi/9.2.1/../../../arm-none-eabi/lib/thumb/v7e-m+dp/hard/libc_nano.a(lib_a-init.o)
                              /usr/lib/gcc/arm-none-eabi/9.2.1/../../../arm-none-eabi/lib/thumb/v7e-m+dp/hard/crt0.o (__libc_init_array)
/usr/lib/gcc/arm-none-eabi/9.2.1/../../../arm-none-eabi/lib/thumb/v7e-m+dp/hard/libc_nano.a(lib_a-malloc.o)
                              build/usbd_cdc.o (malloc)
/usr/lib/gcc/arm-none-eabi/9.2.1/../../../arm-none-eabi/lib/thumb/v7e-m+dp/hard/libc_nano.a(lib_a-memset.o)
                              /usr/lib/gcc/arm-none-eabi/9.2.1/../../../arm-none-eabi/lib/thumb/v7e-m+dp/hard/crt0.o (memset)
/usr/lib/gcc/arm-none-eabi/9.2.1/../../../arm-none-eabi/lib/thumb/v7e-m+dp/hard/libc_nano.a(lib_a-nano-freer.o)
                              /usr/lib/gcc/arm-none-eabi/9.2.1/../../../arm-none-eabi/lib/thumb/v7e-m+dp/hard/libc_nano.a(lib_a-malloc.o) (_free_r)
/usr/lib/gcc/arm-none-eabi/9.2.1/../../../arm-none-eabi/lib/thumb/v7e-m+dp/hard/libc_nano.a(lib_a-nano-mallocr.o)
                              /usr/lib/gcc/arm-none-eabi/9.2.1/../../../arm-none-eabi/lib/thumb/v7e-m+dp/hard/libc_nano.a(lib_a-malloc.o) (_malloc_r)
/usr/lib/gcc/arm-none-eabi/9.2.1/../../../arm-none-eabi/lib/thumb/v7e-m+dp/hard/libc_nano.a(lib_a-sbrkr.o)
                              /usr/lib/gcc/arm-none-eabi/9.2.1/../../../arm-none-eabi/lib/thumb/v7e-m+dp/hard/libc_nano.a(lib_a-nano-mallocr.o) (_sbrk_r)
/usr/lib/gcc/arm-none-eabi/9.2.1/../../../arm-none-eabi/lib/thumb/v7e-m+dp/hard/libc_nano.a(lib_a-__atexit.o)
                              /usr/lib/gcc/arm-none-eabi/9.2.1/../../../arm-none-eabi/lib/thumb/v7e-m+dp/hard/libc_nano.a(lib_a-atexit.o) (__register_exitproc)
/usr/lib/gcc/arm-none-eabi/9.2.1/../../../arm-none-eabi/lib/thumb/v7e-m+dp/hard/libc_nano.a(lib_a-__call_atexit.o)
                              /usr/lib/gcc/arm-none-eabi/9.2.1/../../../arm-none-eabi/lib/thumb/v7e-m+dp/hard/libc_nano.a(lib_a-__atexit.o) (__call_exitprocs)
/usr/lib/gcc/arm-none-eabi/9.2.1/../../../arm-none-eabi/lib/thumb/v7e-m+dp/hard/libc_nano.a(lib_a-mlock.o)
                              /usr/lib/gcc/arm-none-eabi/9.2.1/../../../arm-none-eabi/lib/thumb/v7e-m+dp/hard/libc_nano.a(lib_a-nano-freer.o) (__malloc_lock)
/usr/lib/gcc/arm-none-eabi/9.2.1/../../../arm-none-eabi/lib/thumb/v7e-m+dp/hard/libc_nano.a(lib_a-reent.o)
                              /usr/lib/gcc/arm-none-eabi/9.2.1/../../../arm-none-eabi/lib/thumb/v7e-m+dp/hard/libc_nano.a(lib_a-sbrkr.o) (errno)
/usr/lib/gcc/arm-none-eabi/9.2.1/../../../arm-none-eabi/lib/thumb/v7e-m+dp/hard/libnosys.a(sbrk.o)
                              /usr/lib/gcc/arm-none-eabi/9.2.1/../../../arm-none-eabi/lib/thumb/v7e-m+dp/hard/libc_nano.a(lib_a-sbrkr.o) (_sbrk)
/usr/lib/gcc/arm-none-eabi/9.2.1/../../../arm-none-eabi/lib/thumb/v7e-m+dp/hard/libnosys.a(_exit.o)
                              /usr/lib/gcc/arm-none-eabi/9.2.1/../../../arm-none-eabi/lib/thumb/v7e-m+dp/hard/libc_nano.a(lib_a-exit.o) (_exit)
/usr/lib/gcc/arm-none-eabi/9.2.1/thumb/v7e-m+dp/hard/libgcc.a(_aeabi_uldivmod.o)
                              build/stm32f7xx_hal_rcc.o (__aeabi_uldivmod)
/usr/lib/gcc/arm-none-eabi/9.2.1/thumb/v7e-m+dp/hard/libgcc.a(_udivmoddi4.o)
                              /usr/lib/gcc/arm-none-eabi/9.2.1/thumb/v7e-m+dp/hard/libgcc.a(_aeabi_uldivmod.o) (__udivmoddi4)
/usr/lib/gcc/arm-none-eabi/9.2.1/thumb/v7e-m+dp/hard/libgcc.a(_dvmd_tls.o)
                              /usr/lib/gcc/arm-none-eabi/9.2.1/thumb/v7e-m+dp/hard/libgcc.a(_aeabi_uldivmod.o) (__aeabi_ldiv0)

Allocating common symbols
Common symbol       size              file

hUsbDeviceFS        0x2d0             build/usb_device.o
flashStatus         0x1               build/main.o
errno               0x4               /usr/lib/gcc/arm-none-eabi/9.2.1/../../../arm-none-eabi/lib/thumb/v7e-m+dp/hard/libc_nano.a(lib_a-reent.o)
huart3              0x80              build/main.o
[...]
Memory Configuration

Name             Origin             Length             Attributes
RAM              0x0000000020000000 0x0000000000018000 xrw
FLASH            0x0000000008000000 0x0000000000018000 xr
*default*        0x0000000000000000 0xffffffffffffffff

Linker script and memory map

LOAD /usr/lib/gcc/arm-none-eabi/9.2.1/thumb/v7e-m+dp/hard/crti.o
LOAD /usr/lib/gcc/arm-none-eabi/9.2.1/thumb/v7e-m+dp/hard/crtbegin.o
LOAD /usr/lib/gcc/arm-none-eabi/9.2.1/../../../arm-none-eabi/lib/thumb/v7e-m+dp/hard/crt0.o
LOAD build/main.o
LOAD build/stm32f7xx_it.o
LOAD build/stm32f7xx_hal_msp.o
LOAD build/bootloader.o
LOAD build/usb_device.o
LOAD build/usbd_desc.o
LOAD build/usbd_cdc_if.o
LOAD build/usbd_conf.o
LOAD build/stm32f7xx_hal_pcd.o
LOAD build/stm32f7xx_hal_pcd_ex.o
LOAD build/stm32f7xx_ll_usb.o
LOAD build/stm32f7xx_hal_rcc.o
LOAD build/stm32f7xx_hal_rcc_ex.o
LOAD build/stm32f7xx_hal_flash.o
LOAD build/stm32f7xx_hal_flash_ex.o
LOAD build/stm32f7xx_hal_gpio.o
LOAD build/stm32f7xx_hal_dma.o
LOAD build/stm32f7xx_hal_dma_ex.o
LOAD build/stm32f7xx_hal_pwr.o
LOAD build/stm32f7xx_hal_pwr_ex.o
LOAD build/stm32f7xx_hal_cortex.o
LOAD build/stm32f7xx_hal.o
LOAD build/stm32f7xx_hal_i2c.o
LOAD build/stm32f7xx_hal_i2c_ex.o
LOAD build/stm32f7xx_hal_exti.o
LOAD build/stm32f7xx_hal_tim.o
LOAD build/stm32f7xx_hal_tim_ex.o
LOAD build/stm32f7xx_hal_uart.o
LOAD build/stm32f7xx_hal_uart_ex.o
LOAD build/system_stm32f7xx.o
LOAD build/usbd_core.o
LOAD build/usbd_ctlreq.o
LOAD build/usbd_ioreq.o
LOAD build/usbd_cdc.o
LOAD build/startup_stm32f767xx.o
LOAD /usr/lib/gcc/arm-none-eabi/9.2.1/../../../arm-none-eabi/lib/thumb/v7e-m+dp/hard/libc_nano.a
LOAD /usr/lib/gcc/arm-none-eabi/9.2.1/../../../arm-none-eabi/lib/thumb/v7e-m+dp/hard/libm.a
LOAD /usr/lib/gcc/arm-none-eabi/9.2.1/../../../arm-none-eabi/lib/thumb/v7e-m+dp/hard/libnosys.a
START GROUP
LOAD /usr/lib/gcc/arm-none-eabi/9.2.1/thumb/v7e-m+dp/hard/libgcc.a
LOAD /usr/lib/gcc/arm-none-eabi/9.2.1/../../../arm-none-eabi/lib/thumb/v7e-m+dp/hard/libc_nano.a
END GROUP
START GROUP
LOAD /usr/lib/gcc/arm-none-eabi/9.2.1/thumb/v7e-m+dp/hard/libgcc.a
LOAD /usr/lib/gcc/arm-none-eabi/9.2.1/../../../arm-none-eabi/lib/thumb/v7e-m+dp/hard/libc_nano.a
END GROUP
LOAD /usr/lib/gcc/arm-none-eabi/9.2.1/thumb/v7e-m+dp/hard/crtend.o
LOAD /usr/lib/gcc/arm-none-eabi/9.2.1/thumb/v7e-m+dp/hard/crtn.o
                0x0000000020080000                _estack = 0x20080000
                0x0000000000000200                _Min_Heap_Size = 0x200
                0x0000000000000400                _Min_Stack_Size = 0x400

.isr_vector     0x0000000008000000      0x1f8
                0x0000000008000000                . = ALIGN (0x4)
 *(.isr_vector)
 .isr_vector    0x0000000008000000      0x1f8 build/startup_stm32f767xx.o
                0x0000000008000000                g_pfnVectors
                0x00000000080001f8                . = ALIGN (0x4)

.text           0x00000000080001f8     0x3848
                0x00000000080001f8                . = ALIGN (0x4)
 *(.text)
 .text          0x00000000080001f8       0x88 /usr/lib/gcc/arm-none-eabi/9.2.1/thumb/v7e-m+dp/hard/crtbegin.o
 .text          0x0000000008000280       0x48 /usr/lib/gcc/arm-none-eabi/9.2.1/../../../arm-none-eabi/lib/thumb/v7e-m+dp/hard/libc_nano.a(lib_a-init.o)
                0x0000000008000280                __libc_init_array
 .text          0x00000000080002c8       0x20 /usr/lib/gcc/arm-none-eabi/9.2.1/../../../arm-none-eabi/lib/thumb/v7e-m+dp/hard/libc_nano.a(lib_a-malloc.o)
                0x00000000080002c8                malloc
                0x00000000080002d8                free
 .text          0x00000000080002e8       0xa0 /usr/lib/gcc/arm-none-eabi/9.2.1/../../../arm-none-eabi/lib/thumb/v7e-m+dp/hard/libc_nano.a(lib_a-memset.o)
                0x00000000080002e8                memset
 .text          0x0000000008000388       0xac /usr/lib/gcc/arm-none-eabi/9.2.1/../../../arm-none-eabi/lib/thumb/v7e-m+dp/hard/libc_nano.a(lib_a-nano-freer.o)
                0x0000000008000388                _free_r
 .text          0x0000000008000434       0xc8 /usr/lib/gcc/arm-none-eabi/9.2.1/../../../arm-none-eabi/lib/thumb/v7e-m+dp/hard/libc_nano.a(lib_a-nano-mallocr.o)
                0x0000000008000434                _malloc_r
 .text          0x00000000080004fc       0x24 /usr/lib/gcc/arm-none-eabi/9.2.1/../../../arm-none-eabi/lib/thumb/v7e-m+dp/hard/libc_nano.a(lib_a-sbrkr.o)
                0x00000000080004fc                _sbrk_r
 .text          0x0000000008000520        0x8 /usr/lib/gcc/arm-none-eabi/9.2.1/../../../arm-none-eabi/lib/thumb/v7e-m+dp/hard/libc_nano.a(lib_a-mlock.o)
                0x0000000008000520                __malloc_lock
                0x0000000008000524                __malloc_unlock
 .text          0x0000000008000528       0x1c /usr/lib/gcc/arm-none-eabi/9.2.1/../../../arm-none-eabi/lib/thumb/v7e-m+dp/hard/libnosys.a(sbrk.o)
                0x0000000008000528                _sbrk
 .text          0x0000000008000544       0x30 /usr/lib/gcc/arm-none-eabi/9.2.1/thumb/v7e-m+dp/hard/libgcc.a(_aeabi_uldivmod.o)
                0x0000000008000544                __aeabi_uldivmod
 .text          0x0000000008000574      0x2c4 /usr/lib/gcc/arm-none-eabi/9.2.1/thumb/v7e-m+dp/hard/libgcc.a(_udivmoddi4.o)
                0x0000000008000574                __udivmoddi4
 .text          0x0000000008000838        0x4 /usr/lib/gcc/arm-none-eabi/9.2.1/thumb/v7e-m+dp/hard/libgcc.a(_dvmd_tls.o)
                0x0000000008000838                __aeabi_ldiv0
                0x0000000008000838                __aeabi_idiv0
 *(.text*)
 .text.MX_GPIO_Init
                0x000000000800083c      0x174 build/main.o
 .text.MX_USART3_UART_Init
                0x00000000080009b0       0x30 build/main.o
 .text.SystemClock_Config
                0x00000000080009e0       0xb8 build/main.o
                0x00000000080009e0                SystemClock_Config
 .text.main     0x0000000008000a98       0x20 build/main.o
                0x0000000008000a98                main
 .text.Error_Handler
                0x0000000008000ab8        0x2 build/main.o
                0x0000000008000ab8                Error_Handler
 .text.NMI_Handler
                0x0000000008000aba        0x2 build/stm32f7xx_it.o
                0x0000000008000aba                NMI_Handler
 .text.HardFault_Handler
                0x0000000008000abc        0x2 build/stm32f7xx_it.o
                0x0000000008000abc                HardFault_Handler
 .text.MemManage_Handler
                0x0000000008000abe        0x2 build/stm32f7xx_it.o
                0x0000000008000abe                MemManage_Handler
 .text.BusFault_Handler
                0x0000000008000ac0        0x2 build/stm32f7xx_it.o
                0x0000000008000ac0                BusFault_Handler
 .text.UsageFault_Handler
                0x0000000008000ac2        0x2 build/stm32f7xx_it.o
                0x0000000008000ac2                UsageFault_Handler
 .text.SVC_Handler
                0x0000000008000ac4        0x2 build/stm32f7xx_it.o
                0x0000000008000ac4                SVC_Handler
 .text.DebugMon_Handler
                0x0000000008000ac6        0x2 build/stm32f7xx_it.o
                0x0000000008000ac6                DebugMon_Handler
 .text.PendSV_Handler
                0x0000000008000ac8        0x2 build/stm32f7xx_it.o
                0x0000000008000ac8                PendSV_Handler
 .text.SysTick_Handler
                0x0000000008000aca        0x8 build/stm32f7xx_it.o
                0x0000000008000aca                SysTick_Handler
 *fill*         0x0000000008000ad2        0x2 
 .text.HAL_MspInit
                0x0000000008000ad4       0x30 build/stm32f7xx_hal_msp.o
                0x0000000008000ad4                HAL_MspInit
 .text.HAL_UART_MspInit
                0x0000000008000b04       0x70 build/stm32f7xx_hal_msp.o
                0x0000000008000b04                HAL_UART_MspInit
 .text.deinitEverything
                0x0000000008000b74       0x80 build/bootloader.o
                0x0000000008000b74                deinitEverything
 .text.goToApp  0x0000000008000bf4       0x24 build/bootloader.o
                0x0000000008000bf4                goToApp
 .text.MX_USB_DEVICE_Init
                0x0000000008000c18       0x54 build/usb_device.o
                0x0000000008000c18                MX_USB_DEVICE_Init
 .text.USBD_FS_DeviceDescriptor
                0x0000000008000c6c        0xc build/usbd_desc.o
                0x0000000008000c6c                USBD_FS_DeviceDescriptor
 .text.USBD_FS_LangIDStrDescriptor
                0x0000000008000c78        0xc build/usbd_desc.o
                0x0000000008000c78                USBD_FS_LangIDStrDescriptor
 .text.USBD_FS_USR_BOSDescriptor
                0x0000000008000c84        0xc build/usbd_desc.o
                0x0000000008000c84                USBD_FS_USR_BOSDescriptor
 .text.IntToUnicode
                0x0000000008000c90       0x38 build/usbd_desc.o
 .text.Get_SerialNum
                0x0000000008000cc8       0x34 build/usbd_desc.o
 .text.USBD_FS_SerialStrDescriptor
                0x0000000008000cfc       0x14 build/usbd_desc.o
                0x0000000008000cfc                USBD_FS_SerialStrDescriptor
 .text.USBD_FS_ProductStrDescriptor
                0x0000000008000d10       0x24 build/usbd_desc.o
                0x0000000008000d10                USBD_FS_ProductStrDescriptor
 .text.USBD_FS_ManufacturerStrDescriptor
                0x0000000008000d34       0x1c build/usbd_desc.o
                0x0000000008000d34                USBD_FS_ManufacturerStrDescriptor
 .text.USBD_FS_ConfigStrDescriptor
                0x0000000008000d50       0x24 build/usbd_desc.o
                0x0000000008000d50                USBD_FS_ConfigStrDescriptor
 .text.USBD_FS_InterfaceStrDescriptor
                0x0000000008000d74       0x24 build/usbd_desc.o
                0x0000000008000d74                USBD_FS_InterfaceStrDescriptor
 .text.CDC_DeInit_FS
                0x0000000008000d98        0x4 build/usbd_cdc_if.o
 .text.CDC_Control_FS
                0x0000000008000d9c        0x4 build/usbd_cdc_if.o
 .text.CDC_TransmitCplt_FS
                0x0000000008000da0        0x4 build/usbd_cdc_if.o
 .text.CDC_Receive_FS
                0x0000000008000da4       0x1c build/usbd_cdc_if.o
 .text.CDC_Init_FS
                0x0000000008000dc0       0x28 build/usbd_cdc_if.o
 .text.HAL_PCD_MspInit
                0x0000000008000de8       0x90 build/usbd_conf.o
                0x0000000008000de8                HAL_PCD_MspInit
 .text.USBD_LL_Init
                0x0000000008000e78       0x68 build/usbd_conf.o
                0x0000000008000e78                USBD_LL_Init
 .text.USBD_LL_GetRxDataSize
                0x0000000008000ee0        0xc build/usbd_conf.o
                0x0000000008000ee0                USBD_LL_GetRxDataSize
 .text.USBD_Get_USB_Status
                0x0000000008000eec       0x14 build/usbd_conf.o
                0x0000000008000eec                USBD_Get_USB_Status
 .text.USBD_LL_Start
                0x0000000008000f00       0x10 build/usbd_conf.o
                0x0000000008000f00                USBD_LL_Start
 .text.USBD_LL_OpenEP
                0x0000000008000f10       0x16 build/usbd_conf.o
                0x0000000008000f10                USBD_LL_OpenEP
 .text.USBD_LL_CloseEP
                0x0000000008000f26       0x10 build/usbd_conf.o
                0x0000000008000f26                USBD_LL_CloseEP
 .text.USBD_LL_StallEP
                0x0000000008000f36       0x10 build/usbd_conf.o
                0x0000000008000f36                USBD_LL_StallEP
 .text.USBD_LL_Transmit
                0x0000000008000f46       0x10 build/usbd_conf.o
                0x0000000008000f46                USBD_LL_Transmit
 .text.USBD_LL_PrepareReceive
                0x0000000008000f56       0x10 build/usbd_conf.o
                0x0000000008000f56                USBD_LL_PrepareReceive
 .text.HAL_PCD_Init
                0x0000000008000f66      0x134 build/stm32f7xx_hal_pcd.o
                0x0000000008000f66                HAL_PCD_Init
 .text.HAL_PCD_Start
                0x000000000800109a       0x2a build/stm32f7xx_hal_pcd.o
                0x000000000800109a                HAL_PCD_Start
 .text.HAL_PCD_EP_Open
                0x00000000080010c4       0x86 build/stm32f7xx_hal_pcd.o
                0x00000000080010c4                HAL_PCD_EP_Open
 .text.HAL_PCD_EP_Close
                0x000000000800114a       0x72 build/stm32f7xx_hal_pcd.o
                0x000000000800114a                HAL_PCD_EP_Close
 .text.HAL_PCD_EP_Receive
                0x00000000080011bc       0x5e build/stm32f7xx_hal_pcd.o
                0x00000000080011bc                HAL_PCD_EP_Receive
 .text.HAL_PCD_EP_GetRxCount
                0x000000000800121a       0x12 build/stm32f7xx_hal_pcd.o
                0x000000000800121a                HAL_PCD_EP_GetRxCount
 .text.HAL_PCD_EP_Transmit
                0x000000000800122c       0x56 build/stm32f7xx_hal_pcd.o
                0x000000000800122c                HAL_PCD_EP_Transmit
 .text.HAL_PCD_EP_SetStall
                0x0000000008001282       0x88 build/stm32f7xx_hal_pcd.o
                0x0000000008001282                HAL_PCD_EP_SetStall
 .text.HAL_PCDEx_SetTxFiFo
                0x000000000800130a       0x48 build/stm32f7xx_hal_pcd_ex.o
                0x000000000800130a                HAL_PCDEx_SetTxFiFo
 .text.HAL_PCDEx_SetRxFiFo
                0x0000000008001352        0x8 build/stm32f7xx_hal_pcd_ex.o
                0x0000000008001352                HAL_PCDEx_SetRxFiFo
 *fill*         0x000000000800135a        0x2 
 .text.HAL_PCDEx_ActivateLPM
                0x000000000800135c       0x28 build/stm32f7xx_hal_pcd_ex.o
                0x000000000800135c                HAL_PCDEx_ActivateLPM
 .text.USB_CoreReset
                0x0000000008001384       0x3c build/stm32f7xx_ll_usb.o
 .text.USB_CoreInit
                0x00000000080013c0       0x7c build/stm32f7xx_ll_usb.o
                0x00000000080013c0                USB_CoreInit
 .text.USB_EnableGlobalInt
                0x000000000800143c        0xc build/stm32f7xx_ll_usb.o
                0x000000000800143c                USB_EnableGlobalInt
 .text.USB_DisableGlobalInt
                0x0000000008001448        0xc build/stm32f7xx_ll_usb.o
                0x0000000008001448                USB_DisableGlobalInt
 .text.USB_SetCurrentMode
                0x0000000008001454       0x30 build/stm32f7xx_ll_usb.o
                0x0000000008001454                USB_SetCurrentMode
 .text.USB_FlushTxFifo
                0x0000000008001484       0x28 build/stm32f7xx_ll_usb.o
                0x0000000008001484                USB_FlushTxFifo
 .text.USB_FlushRxFifo
                0x00000000080014ac       0x24 build/stm32f7xx_ll_usb.o
                0x00000000080014ac                USB_FlushRxFifo
 .text.USB_SetDevSpeed
                0x00000000080014d0        0xe build/stm32f7xx_ll_usb.o
                0x00000000080014d0                USB_SetDevSpeed
 *fill*         0x00000000080014de        0x2 
 .text.USB_DevInit
                0x00000000080014e0      0x1ac build/stm32f7xx_ll_usb.o
                0x00000000080014e0                USB_DevInit
 .text.USB_ActivateEndpoint
                0x000000000800168c       0x90 build/stm32f7xx_ll_usb.o
                0x000000000800168c                USB_ActivateEndpoint
 .text.USB_DeactivateEndpoint
                0x000000000800171c       0xdc build/stm32f7xx_ll_usb.o
                0x000000000800171c                USB_DeactivateEndpoint
 .text.USB_EP0StartXfer
                0x00000000080017f8      0x118 build/stm32f7xx_ll_usb.o
                0x00000000080017f8                USB_EP0StartXfer
 .text.USB_WritePacket
                0x0000000008001910       0x28 build/stm32f7xx_ll_usb.o
                0x0000000008001910                USB_WritePacket
 .text.USB_EPStartXfer
                0x0000000008001938      0x214 build/stm32f7xx_ll_usb.o
                0x0000000008001938                USB_EPStartXfer
 .text.USB_EPSetStall
                0x0000000008001b4c       0x5a build/stm32f7xx_ll_usb.o
                0x0000000008001b4c                USB_EPSetStall
 .text.USB_DevConnect
                0x0000000008001ba6       0x18 build/stm32f7xx_ll_usb.o
                0x0000000008001ba6                USB_DevConnect
 .text.USB_DevDisconnect
                0x0000000008001bbe       0x18 build/stm32f7xx_ll_usb.o
                0x0000000008001bbe                USB_DevDisconnect
 *fill*         0x0000000008001bd6        0x2 
 .text.USB_EP0_OutStart
                0x0000000008001bd8       0x60 build/stm32f7xx_ll_usb.o
                0x0000000008001bd8                USB_EP0_OutStart
 .text.HAL_RCC_DeInit
                0x0000000008001c38      0x158 build/stm32f7xx_hal_rcc.o
                0x0000000008001c38                HAL_RCC_DeInit
 .text.HAL_RCC_OscConfig
                0x0000000008001d90      0x444 build/stm32f7xx_hal_rcc.o
                0x0000000008001d90                HAL_RCC_OscConfig
 .text.HAL_RCC_GetSysClockFreq
                0x00000000080021d4       0xcc build/stm32f7xx_hal_rcc.o
                0x00000000080021d4                HAL_RCC_GetSysClockFreq
 .text.HAL_RCC_ClockConfig
                0x00000000080022a0      0x16c build/stm32f7xx_hal_rcc.o
                0x00000000080022a0                HAL_RCC_ClockConfig
 .text.HAL_RCC_GetHCLKFreq
                0x000000000800240c        0xc build/stm32f7xx_hal_rcc.o
                0x000000000800240c                HAL_RCC_GetHCLKFreq
 .text.HAL_RCC_GetPCLK1Freq
                0x0000000008002418       0x20 build/stm32f7xx_hal_rcc.o
                0x0000000008002418                HAL_RCC_GetPCLK1Freq
 .text.HAL_RCC_GetPCLK2Freq
                0x0000000008002438       0x20 build/stm32f7xx_hal_rcc.o
                0x0000000008002438                HAL_RCC_GetPCLK2Freq
 .text.HAL_RCCEx_PeriphCLKConfig
                0x0000000008002458      0x604 build/stm32f7xx_hal_rcc_ex.o
                0x0000000008002458                HAL_RCCEx_PeriphCLKConfig
 .text.HAL_GPIO_Init
                0x0000000008002a5c      0x1e0 build/stm32f7xx_hal_gpio.o
                0x0000000008002a5c                HAL_GPIO_Init
 .text.HAL_GPIO_DeInit
                0x0000000008002c3c      0x14c build/stm32f7xx_hal_gpio.o
                0x0000000008002c3c                HAL_GPIO_DeInit
 .text.HAL_GPIO_WritePin
                0x0000000008002d88        0xc build/stm32f7xx_hal_gpio.o
                0x0000000008002d88                HAL_GPIO_WritePin
 .text.HAL_PWR_EnableBkUpAccess
                0x0000000008002d94       0x10 build/stm32f7xx_hal_pwr.o
                0x0000000008002d94                HAL_PWR_EnableBkUpAccess
 .text.HAL_PWREx_EnableOverDrive
                0x0000000008002da4       0x7c build/stm32f7xx_hal_pwr_ex.o
                0x0000000008002da4                HAL_PWREx_EnableOverDrive
 .text.HAL_NVIC_SetPriorityGrouping
                0x0000000008002e20       0x24 build/stm32f7xx_hal_cortex.o
                0x0000000008002e20                HAL_NVIC_SetPriorityGrouping
 .text.HAL_NVIC_SetPriority
                0x0000000008002e44       0x64 build/stm32f7xx_hal_cortex.o
                0x0000000008002e44                HAL_NVIC_SetPriority
 .text.HAL_SYSTICK_Config
                0x0000000008002ea8       0x2c build/stm32f7xx_hal_cortex.o
                0x0000000008002ea8                HAL_SYSTICK_Config
 .text.HAL_MspDeInit
                0x0000000008002ed4        0x2 build/stm32f7xx_hal.o
                0x0000000008002ed4                HAL_MspDeInit
 *fill*         0x0000000008002ed6        0x2 
 .text.HAL_DeInit
                0x0000000008002ed8       0x2c build/stm32f7xx_hal.o
                0x0000000008002ed8                HAL_DeInit
 .text.HAL_InitTick
                0x0000000008002f04       0x4c build/stm32f7xx_hal.o
                0x0000000008002f04                HAL_InitTick
 .text.HAL_Init
                0x0000000008002f50       0x16 build/stm32f7xx_hal.o
                0x0000000008002f50                HAL_Init
 *fill*         0x0000000008002f66        0x2 
 .text.HAL_IncTick
                0x0000000008002f68       0x18 build/stm32f7xx_hal.o
                0x0000000008002f68                HAL_IncTick
 .text.HAL_GetTick
                0x0000000008002f80        0xc build/stm32f7xx_hal.o
                0x0000000008002f80                HAL_GetTick
 .text.HAL_Delay
                0x0000000008002f8c       0x28 build/stm32f7xx_hal.o
                0x0000000008002f8c                HAL_Delay
 .text.UART_SetConfig
                0x0000000008002fb4      0x3a0 build/stm32f7xx_hal_uart.o
                0x0000000008002fb4                UART_SetConfig
 .text.UART_AdvFeatureConfig
                0x0000000008003354       0xca build/stm32f7xx_hal_uart.o
                0x0000000008003354                UART_AdvFeatureConfig
 .text.UART_WaitOnFlagUntilTimeout
                0x000000000800341e       0xa2 build/stm32f7xx_hal_uart.o
                0x000000000800341e                UART_WaitOnFlagUntilTimeout
 .text.UART_CheckIdleState
                0x00000000080034c0       0x6c build/stm32f7xx_hal_uart.o
                0x00000000080034c0                UART_CheckIdleState
 .text.HAL_UART_Init
                0x000000000800352c       0x62 build/stm32f7xx_hal_uart.o
                0x000000000800352c                HAL_UART_Init
 *fill*         0x000000000800358e        0x2 
 .text.SystemInit
                0x0000000008003590       0x1c build/system_stm32f7xx.o
                0x0000000008003590                SystemInit
 .text.USBD_Init
                0x00000000080035ac       0x38 build/usbd_core.o
                0x00000000080035ac                USBD_Init
 .text.USBD_RegisterClass
                0x00000000080035e4       0x28 build/usbd_core.o
                0x00000000080035e4                USBD_RegisterClass
 .text.USBD_Start
                0x000000000800360c        0x8 build/usbd_core.o
                0x000000000800360c                USBD_Start
 .text.USBD_GetLen
                0x0000000008003614       0x12 build/usbd_ctlreq.o
 .text.USBD_CtlError
                0x0000000008003626       0x14 build/usbd_ctlreq.o
                0x0000000008003626                USBD_CtlError
 .text.USBD_GetString
                0x000000000800363a       0x36 build/usbd_ctlreq.o
                0x000000000800363a                USBD_GetString
 .text.USBD_CtlSendData
                0x0000000008003670       0x1a build/usbd_ioreq.o
                0x0000000008003670                USBD_CtlSendData
 .text.USBD_CtlPrepareRx
                0x000000000800368a       0x1e build/usbd_ioreq.o
                0x000000000800368a                USBD_CtlPrepareRx
 .text.USBD_CDC_EP0_RxReady
                0x00000000080036a8       0x28 build/usbd_cdc.o
 .text.USBD_CDC_GetFSCfgDesc
                0x00000000080036d0        0xc build/usbd_cdc.o
 .text.USBD_CDC_GetHSCfgDesc
                0x00000000080036dc        0xc build/usbd_cdc.o
 .text.USBD_CDC_GetOtherSpeedCfgDesc
                0x00000000080036e8        0xc build/usbd_cdc.o
 .text.USBD_CDC_GetDeviceQualifierDescriptor
                0x00000000080036f4        0xc build/usbd_cdc.o
                0x00000000080036f4                USBD_CDC_GetDeviceQualifierDescriptor
 .text.USBD_CDC_DataOut
                0x0000000008003700       0x2a build/usbd_cdc.o
 .text.USBD_CDC_DataIn
                0x000000000800372a       0x64 build/usbd_cdc.o
 .text.USBD_CDC_Setup
                0x000000000800378e       0xe0 build/usbd_cdc.o
 .text.USBD_CDC_DeInit
                0x000000000800386e       0x48 build/usbd_cdc.o
 .text.USBD_CDC_Init
                0x00000000080038b6       0xc2 build/usbd_cdc.o
 .text.USBD_CDC_RegisterInterface
                0x0000000008003978        0xe build/usbd_cdc.o
                0x0000000008003978                USBD_CDC_RegisterInterface
 .text.USBD_CDC_SetTxBuffer
                0x0000000008003986       0x10 build/usbd_cdc.o
                0x0000000008003986                USBD_CDC_SetTxBuffer
 .text.USBD_CDC_SetRxBuffer
                0x0000000008003996        0xc build/usbd_cdc.o
                0x0000000008003996                USBD_CDC_SetRxBuffer
 .text.USBD_CDC_ReceivePacket
                0x00000000080039a2       0x32 build/usbd_cdc.o
                0x00000000080039a2                USBD_CDC_ReceivePacket
 .text.Reset_Handler
                0x00000000080039d4       0x50 build/startup_stm32f767xx.o
                0x00000000080039d4                Reset_Handler
 .text.Default_Handler
                0x0000000008003a24        0x2 build/startup_stm32f767xx.o
                0x0000000008003a24                RTC_Alarm_IRQHandler
                0x0000000008003a24                EXTI2_IRQHandler
                0x0000000008003a24                TIM8_CC_IRQHandler
                0x0000000008003a24                UART8_IRQHandler
                0x0000000008003a24                SPI4_IRQHandler
                0x0000000008003a24                TIM1_CC_IRQHandler
                0x0000000008003a24                DMA2_Stream5_IRQHandler
                0x0000000008003a24                JPEG_IRQHandler
                0x0000000008003a24                DMA1_Stream5_IRQHandler
                0x0000000008003a24                CAN3_RX1_IRQHandler
                0x0000000008003a24                PVD_IRQHandler
                0x0000000008003a24                TAMP_STAMP_IRQHandler
                0x0000000008003a24                CAN2_RX1_IRQHandler
                0x0000000008003a24                EXTI3_IRQHandler
                0x0000000008003a24                TIM8_TRG_COM_TIM14_IRQHandler
                0x0000000008003a24                DFSDM1_FLT1_IRQHandler
                0x0000000008003a24                TIM1_UP_TIM10_IRQHandler
                0x0000000008003a24                TIM8_UP_TIM13_IRQHandler
                0x0000000008003a24                I2C3_ER_IRQHandler
                0x0000000008003a24                DFSDM1_FLT2_IRQHandler
                0x0000000008003a24                EXTI0_IRQHandler
                0x0000000008003a24                I2C2_EV_IRQHandler
                0x0000000008003a24                DMA1_Stream2_IRQHandler
                0x0000000008003a24                CAN1_RX0_IRQHandler
                0x0000000008003a24                FPU_IRQHandler
                0x0000000008003a24                OTG_HS_WKUP_IRQHandler
                0x0000000008003a24                CAN3_SCE_IRQHandler
                0x0000000008003a24                LTDC_ER_IRQHandler
                0x0000000008003a24                CAN2_SCE_IRQHandler
                0x0000000008003a24                DMA2_Stream2_IRQHandler
                0x0000000008003a24                SPI1_IRQHandler
                0x0000000008003a24                TIM6_DAC_IRQHandler
                0x0000000008003a24                TIM1_BRK_TIM9_IRQHandler
                0x0000000008003a24                DCMI_IRQHandler
                0x0000000008003a24                CAN2_RX0_IRQHandler
                0x0000000008003a24                DMA2_Stream3_IRQHandler
                0x0000000008003a24                SAI2_IRQHandler
                0x0000000008003a24                DFSDM1_FLT3_IRQHandler
                0x0000000008003a24                USART6_IRQHandler
                0x0000000008003a24                CAN3_RX0_IRQHandler
                0x0000000008003a24                USART3_IRQHandler
                0x0000000008003a24                CAN1_RX1_IRQHandler
                0x0000000008003a24                UART5_IRQHandler
                0x0000000008003a24                DMA2_Stream0_IRQHandler
                0x0000000008003a24                TIM4_IRQHandler
                0x0000000008003a24                QUADSPI_IRQHandler
                0x0000000008003a24                I2C1_EV_IRQHandler
                0x0000000008003a24                DMA1_Stream6_IRQHandler
                0x0000000008003a24                DMA1_Stream1_IRQHandler
                0x0000000008003a24                UART4_IRQHandler
                0x0000000008003a24                TIM3_IRQHandler
                0x0000000008003a24                RCC_IRQHandler
                0x0000000008003a24                TIM8_BRK_TIM12_IRQHandler
                0x0000000008003a24                Default_Handler
                0x0000000008003a24                CEC_IRQHandler
                0x0000000008003a24                EXTI15_10_IRQHandler
                0x0000000008003a24                ADC_IRQHandler
                0x0000000008003a24                DMA1_Stream7_IRQHandler
                0x0000000008003a24                SPI5_IRQHandler
                0x0000000008003a24                TIM7_IRQHandler
                0x0000000008003a24                SDMMC1_IRQHandler
                0x0000000008003a24                CAN2_TX_IRQHandler
                0x0000000008003a24                TIM5_IRQHandler
                0x0000000008003a24                DMA2_Stream7_IRQHandler
                0x0000000008003a24                I2C3_EV_IRQHandler
                0x0000000008003a24                EXTI9_5_IRQHandler
                0x0000000008003a24                RTC_WKUP_IRQHandler
                0x0000000008003a24                LTDC_IRQHandler
                0x0000000008003a24                ETH_WKUP_IRQHandler
                0x0000000008003a24                SPDIF_RX_IRQHandler
                0x0000000008003a24                SPI2_IRQHandler
                0x0000000008003a24                OTG_HS_EP1_IN_IRQHandler
                0x0000000008003a24                DMA1_Stream0_IRQHandler
                0x0000000008003a24                CAN1_TX_IRQHandler
                0x0000000008003a24                EXTI4_IRQHandler
                0x0000000008003a24                RNG_IRQHandler
                0x0000000008003a24                ETH_IRQHandler
                0x0000000008003a24                OTG_HS_EP1_OUT_IRQHandler
                0x0000000008003a24                WWDG_IRQHandler
                0x0000000008003a24                SPI6_IRQHandler
                0x0000000008003a24                MDIOS_IRQHandler
                0x0000000008003a24                I2C4_EV_IRQHandler
                0x0000000008003a24                CAN3_TX_IRQHandler
                0x0000000008003a24                TIM2_IRQHandler
                0x0000000008003a24                OTG_FS_WKUP_IRQHandler
                0x0000000008003a24                TIM1_TRG_COM_TIM11_IRQHandler
                0x0000000008003a24                OTG_HS_IRQHandler
                0x0000000008003a24                DMA2D_IRQHandler
                0x0000000008003a24                EXTI1_IRQHandler
                0x0000000008003a24                SDMMC2_IRQHandler
                0x0000000008003a24                UART7_IRQHandler
                0x0000000008003a24                USART2_IRQHandler
                0x0000000008003a24                DFSDM1_FLT0_IRQHandler
                0x0000000008003a24                I2C2_ER_IRQHandler
                0x0000000008003a24                DMA2_Stream1_IRQHandler
                0x0000000008003a24                CAN1_SCE_IRQHandler
                0x0000000008003a24                FLASH_IRQHandler
                0x0000000008003a24                DMA2_Stream4_IRQHandler
                0x0000000008003a24                USART1_IRQHandler
                0x0000000008003a24                OTG_FS_IRQHandler
                0x0000000008003a24                SPI3_IRQHandler
                0x0000000008003a24                DMA1_Stream4_IRQHandler
                0x0000000008003a24                I2C1_ER_IRQHandler
                0x0000000008003a24                FMC_IRQHandler
                0x0000000008003a24                LPTIM1_IRQHandler
                0x0000000008003a24                I2C4_ER_IRQHandler
                0x0000000008003a24                DMA2_Stream6_IRQHandler
                0x0000000008003a24                SAI1_IRQHandler
                0x0000000008003a24                DMA1_Stream3_IRQHandler
 *(.glue_7)
 .glue_7        0x0000000008003a26        0x0 linker stubs
 *(.glue_7t)
 .glue_7t       0x0000000008003a26        0x0 linker stubs
 *(.eh_frame)
 *fill*         0x0000000008003a26        0x2 
 .eh_frame      0x0000000008003a28        0x0 /usr/lib/gcc/arm-none-eabi/9.2.1/thumb/v7e-m+dp/hard/crtbegin.o
 *(.init)
 .init          0x0000000008003a28        0x4 /usr/lib/gcc/arm-none-eabi/9.2.1/thumb/v7e-m+dp/hard/crti.o
                0x0000000008003a28                _init
 .init          0x0000000008003a2c        0x8 /usr/lib/gcc/arm-none-eabi/9.2.1/thumb/v7e-m+dp/hard/crtn.o
 *(.fini)
 .fini          0x0000000008003a34        0x4 /usr/lib/gcc/arm-none-eabi/9.2.1/thumb/v7e-m+dp/hard/crti.o
                0x0000000008003a34                _fini
 .fini          0x0000000008003a38        0x8 /usr/lib/gcc/arm-none-eabi/9.2.1/thumb/v7e-m+dp/hard/crtn.o
                0x0000000008003a40                . = ALIGN (0x4)
                0x0000000008003a40                _etext = .

.vfp11_veneer   0x0000000008003a40        0x0
 .vfp11_veneer  0x0000000008003a40        0x0 linker stubs

.v4_bx          0x0000000008003a40        0x0
 .v4_bx         0x0000000008003a40        0x0 linker stubs

.iplt           0x0000000008003a40        0x0
 .iplt          0x0000000008003a40        0x0 /usr/lib/gcc/arm-none-eabi/9.2.1/thumb/v7e-m+dp/hard/crtbegin.o

.rodata         0x0000000008003a40       0x60
                0x0000000008003a40                . = ALIGN (0x4)
 *(.rodata)
 *(.rodata*)
 .rodata.USBD_FS_ProductStrDescriptor.str1.4
                0x0000000008003a40       0x16 build/usbd_desc.o
 *fill*         0x0000000008003a56        0x2 
 .rodata.USBD_FS_ManufacturerStrDescriptor.str1.4
                0x0000000008003a58       0x13 build/usbd_desc.o
 *fill*         0x0000000008003a6b        0x1 
 .rodata.USBD_FS_ConfigStrDescriptor.str1.4
                0x0000000008003a6c        0xb build/usbd_desc.o
 *fill*         0x0000000008003a77        0x1 
 .rodata.USBD_FS_InterfaceStrDescriptor.str1.4
                0x0000000008003a78        0xe build/usbd_desc.o
 *fill*         0x0000000008003a86        0x2 
 .rodata.AHBPrescTable
                0x0000000008003a88       0x10 build/system_stm32f7xx.o
                0x0000000008003a88                AHBPrescTable
 .rodata.APBPrescTable
                0x0000000008003a98        0x8 build/system_stm32f7xx.o
                0x0000000008003a98                APBPrescTable
                0x0000000008003aa0                . = ALIGN (0x4)

.ARM.extab
 *(.ARM.extab* .gnu.linkonce.armextab.*)

.ARM            0x0000000008003aa0        0x8
                0x0000000008003aa0                __exidx_start = .
 *(.ARM.exidx*)
 .ARM.exidx     0x0000000008003aa0        0x8 /usr/lib/gcc/arm-none-eabi/9.2.1/thumb/v7e-m+dp/hard/libgcc.a(_udivmoddi4.o)
                0x0000000008003aa8                __exidx_end = .

.rel.dyn        0x0000000008003aa8        0x0
 .rel.iplt      0x0000000008003aa8        0x0 /usr/lib/gcc/arm-none-eabi/9.2.1/thumb/v7e-m+dp/hard/crtbegin.o

.preinit_array  0x0000000008003aa8        0x0
                0x0000000008003aa8                PROVIDE (__preinit_array_start = .)
 *(.preinit_array*)
                0x0000000008003aa8                PROVIDE (__preinit_array_end = .)

.init_array     0x0000000008003aa8        0x4
                0x0000000008003aa8                PROVIDE (__init_array_start = .)
 *(SORT_BY_NAME(.init_array.*))
 *(.init_array*)
 .init_array    0x0000000008003aa8        0x4 /usr/lib/gcc/arm-none-eabi/9.2.1/thumb/v7e-m+dp/hard/crtbegin.o
                0x0000000008003aac                PROVIDE (__init_array_end = .)

.fini_array     0x0000000008003aac        0x4
                0x0000000008003aac                PROVIDE (__fini_array_start = .)
 *(SORT_BY_NAME(.fini_array.*))
 *(.fini_array*)
 .fini_array    0x0000000008003aac        0x4 /usr/lib/gcc/arm-none-eabi/9.2.1/thumb/v7e-m+dp/hard/crtbegin.o
                0x0000000008003ab0                PROVIDE (__fini_array_end = .)
                0x0000000008003ab0                _sidata = LOADADDR (.data)

.data           0x0000000020000000      0x1f4 load address 0x0000000008003ab0
                0x0000000020000000                . = ALIGN (0x4)
                0x0000000020000000                _sdata = .
 *(.data)
 .data          0x0000000020000000       0x64 /usr/lib/gcc/arm-none-eabi/9.2.1/../../../arm-none-eabi/lib/thumb/v7e-m+dp/hard/libc_nano.a(lib_a-impure.o)
                0x0000000020000000                _impure_ptr
 *(.data*)
 .data.FS_Desc  0x0000000020000064       0x20 build/usbd_desc.o
                0x0000000020000064                FS_Desc
 .data.USBD_FS_BOSDesc
                0x0000000020000084        0xc build/usbd_desc.o
                0x0000000020000084                USBD_FS_BOSDesc
 .data.USBD_FS_DeviceDesc
                0x0000000020000090       0x12 build/usbd_desc.o
                0x0000000020000090                USBD_FS_DeviceDesc
 *fill*         0x00000000200000a2        0x2 
 .data.USBD_LangIDDesc
                0x00000000200000a4        0x4 build/usbd_desc.o
                0x00000000200000a4                USBD_LangIDDesc
 .data.USBD_StringSerial
                0x00000000200000a8       0x1a build/usbd_desc.o
                0x00000000200000a8                USBD_StringSerial
 *fill*         0x00000000200000c2        0x2 
 .data.USBD_Interface_fops_FS
                0x00000000200000c4       0x14 build/usbd_cdc_if.o
                0x00000000200000c4                USBD_Interface_fops_FS
 .data.uwTickFreq
                0x00000000200000d8        0x1 build/stm32f7xx_hal.o
                0x00000000200000d8                uwTickFreq
 *fill*         0x00000000200000d9        0x3 
 .data.uwTickPrio
                0x00000000200000dc        0x4 build/stm32f7xx_hal.o
                0x00000000200000dc                uwTickPrio
 .data.SystemCoreClock
                0x00000000200000e0        0x4 build/system_stm32f7xx.o
                0x00000000200000e0                SystemCoreClock
 .data.USBD_CDC
                0x00000000200000e4       0x38 build/usbd_cdc.o
                0x00000000200000e4                USBD_CDC
 .data.USBD_CDC_CfgFSDesc
                0x000000002000011c       0x43 build/usbd_cdc.o
 *fill*         0x000000002000015f        0x1 
 .data.USBD_CDC_CfgHSDesc
                0x0000000020000160       0x43 build/usbd_cdc.o
 *fill*         0x00000000200001a3        0x1 
 .data.USBD_CDC_DeviceQualifierDesc
                0x00000000200001a4        0xa build/usbd_cdc.o
 *fill*         0x00000000200001ae        0x2 
 .data.USBD_CDC_OtherSpeedCfgDesc
                0x00000000200001b0       0x43 build/usbd_cdc.o
                0x00000000200001f4                . = ALIGN (0x4)
 *fill*         0x00000000200001f3        0x1 
                0x00000000200001f4                _edata = .

.tm_clone_table
                0x00000000200001f4        0x0 load address 0x0000000008003ca4
 .tm_clone_table
                0x00000000200001f4        0x0 /usr/lib/gcc/arm-none-eabi/9.2.1/thumb/v7e-m+dp/hard/crtbegin.o
 .tm_clone_table
                0x00000000200001f4        0x0 /usr/lib/gcc/arm-none-eabi/9.2.1/thumb/v7e-m+dp/hard/crtend.o

.igot.plt       0x00000000200001f4        0x0 load address 0x0000000008003ca4
 .igot.plt      0x00000000200001f4        0x0 /usr/lib/gcc/arm-none-eabi/9.2.1/thumb/v7e-m+dp/hard/crtbegin.o
                0x00000000200001f4                . = ALIGN (0x4)

.bss            0x00000000200001f4     0x198c load address 0x0000000008003ca4
                0x00000000200001f4                _sbss = .
                0x00000000200001f4                __bss_start__ = _sbss
 *(.bss)
 .bss           0x00000000200001f4       0x1c /usr/lib/gcc/arm-none-eabi/9.2.1/thumb/v7e-m+dp/hard/crtbegin.o
 .bss           0x0000000020000210        0x8 /usr/lib/gcc/arm-none-eabi/9.2.1/../../../arm-none-eabi/lib/thumb/v7e-m+dp/hard/libc_nano.a(lib_a-nano-mallocr.o)
                0x0000000020000210                __malloc_free_list
                0x0000000020000214                __malloc_sbrk_start
 .bss           0x0000000020000218        0x4 /usr/lib/gcc/arm-none-eabi/9.2.1/../../../arm-none-eabi/lib/thumb/v7e-m+dp/hard/libnosys.a(sbrk.o)
 *(.bss*)
 *(COMMON)
 COMMON         0x000000002000021c       0x88 build/main.o
                0x000000002000021c                flashStatus
                0x0000000020000220                huart3
                0x00000000200002a0                Flashed_offset
 COMMON         0x00000000200002a4      0x2d0 build/usb_device.o
                0x00000000200002a4                hUsbDeviceFS
 COMMON         0x0000000020000574      0x200 build/usbd_desc.o
                0x0000000020000574                USBD_StrDesc
 COMMON         0x0000000020000774     0x1000 build/usbd_cdc_if.o
                0x0000000020000774                UserRxBufferFS
                0x0000000020000f74                UserTxBufferFS
 COMMON         0x0000000020001774      0x404 build/usbd_conf.o
                0x0000000020001774                hpcd_USB_OTG_FS
 COMMON         0x0000000020001b78        0x4 build/stm32f7xx_hal.o
                0x0000000020001b78                uwTick
 COMMON         0x0000000020001b7c        0x4 /usr/lib/gcc/arm-none-eabi/9.2.1/../../../arm-none-eabi/lib/thumb/v7e-m+dp/hard/libc_nano.a(lib_a-reent.o)
                0x0000000020001b7c                errno
                0x0000000020001b80                . = ALIGN (0x4)
                0x0000000020001b80                _ebss = .
                0x0000000020001b80                __bss_end__ = _ebss

._user_heap_stack
                0x0000000020001b80      0x600 load address 0x0000000008003ca4
                0x0000000020001b80                . = ALIGN (0x8)
                0x0000000020001b80                PROVIDE (end = .)
                [!provide]                        PROVIDE (_end = .)
                0x0000000020001d80                . = (. + _Min_Heap_Size)
 *fill*         0x0000000020001b80      0x200 
                0x0000000020002180                . = (. + _Min_Stack_Size)
 *fill*         0x0000000020001d80      0x400 
                0x0000000020002180                . = ALIGN (0x8)

/DISCARD/
 libc.a(*)
 libm.a(*)
 libgcc.a(*)

.ARM.attributes
                0x0000000000000000       0x2e
 *(.ARM.attributes)
 .ARM.attributes
                0x0000000000000000       0x1e /usr/lib/gcc/arm-none-eabi/9.2.1/thumb/v7e-m+dp/hard/crti.o
 .ARM.attributes
                0x000000000000001e       0x32 /usr/lib/gcc/arm-none-eabi/9.2.1/thumb/v7e-m+dp/hard/crtbegin.o
 .ARM.attributes
                0x0000000000000050       0x32 build/main.o
 .ARM.attributes
                0x0000000000000082       0x32 build/stm32f7xx_it.o
 .ARM.attributes
                0x00000000000000b4       0x32 build/stm32f7xx_hal_msp.o
 .ARM.attributes
                0x00000000000000e6       0x32 build/bootloader.o
 .ARM.attributes
                0x0000000000000118       0x32 build/usb_device.o
 .ARM.attributes
                0x000000000000014a       0x32 build/usbd_desc.o
 .ARM.attributes
                0x000000000000017c       0x32 build/usbd_cdc_if.o
 .ARM.attributes
                0x00000000000001ae       0x32 build/usbd_conf.o
 .ARM.attributes
                0x00000000000001e0       0x32 build/stm32f7xx_hal_pcd.o
 .ARM.attributes
                0x0000000000000212       0x32 build/stm32f7xx_hal_pcd_ex.o
 .ARM.attributes
                0x0000000000000244       0x32 build/stm32f7xx_ll_usb.o
 .ARM.attributes
                0x0000000000000276       0x32 build/stm32f7xx_hal_rcc.o
 .ARM.attributes
                0x00000000000002a8       0x32 build/stm32f7xx_hal_rcc_ex.o
 .ARM.attributes
                0x00000000000002da       0x32 build/stm32f7xx_hal_gpio.o
 .ARM.attributes
                0x000000000000030c       0x32 build/stm32f7xx_hal_pwr.o
 .ARM.attributes
                0x000000000000033e       0x32 build/stm32f7xx_hal_pwr_ex.o
 .ARM.attributes
                0x0000000000000370       0x32 build/stm32f7xx_hal_cortex.o
 .ARM.attributes
                0x00000000000003a2       0x32 build/stm32f7xx_hal.o
 .ARM.attributes
                0x00000000000003d4       0x32 build/stm32f7xx_hal_uart.o
 .ARM.attributes
                0x0000000000000406       0x32 build/system_stm32f7xx.o
 .ARM.attributes
                0x0000000000000438       0x32 build/usbd_core.o
 .ARM.attributes
                0x000000000000046a       0x32 build/usbd_ctlreq.o
 .ARM.attributes
                0x000000000000049c       0x32 build/usbd_ioreq.o
 .ARM.attributes
                0x00000000000004ce       0x32 build/usbd_cdc.o
 .ARM.attributes
                0x0000000000000500       0x21 build/startup_stm32f767xx.o
 .ARM.attributes
                0x0000000000000521       0x30 /usr/lib/gcc/arm-none-eabi/9.2.1/../../../arm-none-eabi/lib/thumb/v7e-m+dp/hard/libc_nano.a(lib_a-impure.o)
 .ARM.attributes
                0x0000000000000551       0x32 /usr/lib/gcc/arm-none-eabi/9.2.1/../../../arm-none-eabi/lib/thumb/v7e-m+dp/hard/libc_nano.a(lib_a-init.o)
 .ARM.attributes
                0x0000000000000583       0x32 /usr/lib/gcc/arm-none-eabi/9.2.1/../../../arm-none-eabi/lib/thumb/v7e-m+dp/hard/libc_nano.a(lib_a-malloc.o)
 .ARM.attributes
                0x00000000000005b5       0x32 /usr/lib/gcc/arm-none-eabi/9.2.1/../../../arm-none-eabi/lib/thumb/v7e-m+dp/hard/libc_nano.a(lib_a-memset.o)
 .ARM.attributes
                0x00000000000005e7       0x32 /usr/lib/gcc/arm-none-eabi/9.2.1/../../../arm-none-eabi/lib/thumb/v7e-m+dp/hard/libc_nano.a(lib_a-nano-freer.o)
 .ARM.attributes
                0x0000000000000619       0x32 /usr/lib/gcc/arm-none-eabi/9.2.1/../../../arm-none-eabi/lib/thumb/v7e-m+dp/hard/libc_nano.a(lib_a-nano-mallocr.o)
 .ARM.attributes
                0x000000000000064b       0x32 /usr/lib/gcc/arm-none-eabi/9.2.1/../../../arm-none-eabi/lib/thumb/v7e-m+dp/hard/libc_nano.a(lib_a-sbrkr.o)
 .ARM.attributes
                0x000000000000067d       0x32 /usr/lib/gcc/arm-none-eabi/9.2.1/../../../arm-none-eabi/lib/thumb/v7e-m+dp/hard/libc_nano.a(lib_a-mlock.o)
 .ARM.attributes
                0x00000000000006af       0x32 /usr/lib/gcc/arm-none-eabi/9.2.1/../../../arm-none-eabi/lib/thumb/v7e-m+dp/hard/libc_nano.a(lib_a-reent.o)
 .ARM.attributes
                0x00000000000006e1       0x32 /usr/lib/gcc/arm-none-eabi/9.2.1/../../../arm-none-eabi/lib/thumb/v7e-m+dp/hard/libnosys.a(sbrk.o)
 .ARM.attributes
                0x0000000000000713       0x1e /usr/lib/gcc/arm-none-eabi/9.2.1/thumb/v7e-m+dp/hard/libgcc.a(_aeabi_uldivmod.o)
 .ARM.attributes
                0x0000000000000731       0x32 /usr/lib/gcc/arm-none-eabi/9.2.1/thumb/v7e-m+dp/hard/libgcc.a(_udivmoddi4.o)
 .ARM.attributes
                0x0000000000000763       0x1e /usr/lib/gcc/arm-none-eabi/9.2.1/thumb/v7e-m+dp/hard/libgcc.a(_dvmd_tls.o)
 .ARM.attributes
                0x0000000000000781       0x30 /usr/lib/gcc/arm-none-eabi/9.2.1/thumb/v7e-m+dp/hard/crtend.o
 .ARM.attributes
                0x00000000000007b1       0x1e /usr/lib/gcc/arm-none-eabi/9.2.1/thumb/v7e-m+dp/hard/crtn.o
OUTPUT(build/bootloader.elf elf32-littlearm)
LOAD linker stubs
LOAD /usr/lib/gcc/arm-none-eabi/9.2.1/../../../arm-none-eabi/lib/thumb/v7e-m+dp/hard/libc.a
LOAD /usr/lib/gcc/arm-none-eabi/9.2.1/../../../arm-none-eabi/lib/thumb/v7e-m+dp/hard/libm.a
LOAD /usr/lib/gcc/arm-none-eabi/9.2.1/thumb/v7e-m+dp/hard/libgcc.a

.comment        0x0000000000000000       0xa7
 .comment       0x0000000000000000       0x59 /usr/lib/gcc/arm-none-eabi/9.2.1/thumb/v7e-m+dp/hard/crtbegin.o
                                         0x5a (size before relaxing)
 .comment       0x0000000000000059       0x5a build/main.o
 .comment       0x0000000000000059       0x5a build/stm32f7xx_it.o
 .comment       0x0000000000000059       0x5a build/stm32f7xx_hal_msp.o
 .comment       0x0000000000000059       0x5a build/bootloader.o
 .comment       0x0000000000000059       0x5a build/usb_device.o
 .comment       0x0000000000000059       0x5a build/usbd_desc.o
 .comment       0x0000000000000059       0x5a build/usbd_cdc_if.o
 .comment       0x0000000000000059       0x5a build/usbd_conf.o
 .comment       0x0000000000000059       0x5a build/stm32f7xx_hal_pcd.o
 .comment       0x0000000000000059       0x5a build/stm32f7xx_hal_pcd_ex.o
 .comment       0x0000000000000059       0x5a build/stm32f7xx_ll_usb.o
 .comment       0x0000000000000059       0x5a build/stm32f7xx_hal_rcc.o
 .comment       0x0000000000000059       0x5a build/stm32f7xx_hal_rcc_ex.o
 .comment       0x0000000000000059       0x5a build/stm32f7xx_hal_gpio.o
 .comment       0x0000000000000059       0x5a build/stm32f7xx_hal_pwr.o
 .comment       0x0000000000000059       0x5a build/stm32f7xx_hal_pwr_ex.o
 .comment       0x0000000000000059       0x5a build/stm32f7xx_hal_cortex.o
 .comment       0x0000000000000059       0x5a build/stm32f7xx_hal.o
 .comment       0x0000000000000059       0x5a build/stm32f7xx_hal_uart.o
 .comment       0x0000000000000059       0x5a build/system_stm32f7xx.o
 .comment       0x0000000000000059       0x5a build/usbd_core.o
 .comment       0x0000000000000059       0x5a build/usbd_ctlreq.o
 .comment       0x0000000000000059       0x5a build/usbd_ioreq.o
 .comment       0x0000000000000059       0x5a build/usbd_cdc.o
 .comment       0x0000000000000059       0x4e /usr/lib/gcc/arm-none-eabi/9.2.1/../../../arm-none-eabi/lib/thumb/v7e-m+dp/hard/libc_nano.a(lib_a-impure.o)
                                         0x4f (size before relaxing)
 .comment       0x00000000000000a7       0x4f /usr/lib/gcc/arm-none-eabi/9.2.1/../../../arm-none-eabi/lib/thumb/v7e-m+dp/hard/libc_nano.a(lib_a-init.o)
 .comment       0x00000000000000a7       0x4f /usr/lib/gcc/arm-none-eabi/9.2.1/../../../arm-none-eabi/lib/thumb/v7e-m+dp/hard/libc_nano.a(lib_a-malloc.o)
 .comment       0x00000000000000a7       0x4f /usr/lib/gcc/arm-none-eabi/9.2.1/../../../arm-none-eabi/lib/thumb/v7e-m+dp/hard/libc_nano.a(lib_a-memset.o)
 .comment       0x00000000000000a7       0x4f /usr/lib/gcc/arm-none-eabi/9.2.1/../../../arm-none-eabi/lib/thumb/v7e-m+dp/hard/libc_nano.a(lib_a-nano-freer.o)
 .comment       0x00000000000000a7       0x4f /usr/lib/gcc/arm-none-eabi/9.2.1/../../../arm-none-eabi/lib/thumb/v7e-m+dp/hard/libc_nano.a(lib_a-nano-mallocr.o)
 .comment       0x00000000000000a7       0x4f /usr/lib/gcc/arm-none-eabi/9.2.1/../../../arm-none-eabi/lib/thumb/v7e-m+dp/hard/libc_nano.a(lib_a-sbrkr.o)
 .comment       0x00000000000000a7       0x4f /usr/lib/gcc/arm-none-eabi/9.2.1/../../../arm-none-eabi/lib/thumb/v7e-m+dp/hard/libc_nano.a(lib_a-mlock.o)
 .comment       0x00000000000000a7       0x4f /usr/lib/gcc/arm-none-eabi/9.2.1/../../../arm-none-eabi/lib/thumb/v7e-m+dp/hard/libc_nano.a(lib_a-reent.o)
 .comment       0x00000000000000a7       0x4f /usr/lib/gcc/arm-none-eabi/9.2.1/../../../arm-none-eabi/lib/thumb/v7e-m+dp/hard/libnosys.a(sbrk.o)
 .comment       0x00000000000000a7       0x5a /usr/lib/gcc/arm-none-eabi/9.2.1/thumb/v7e-m+dp/hard/libgcc.a(_udivmoddi4.o)
 .comment       0x00000000000000a7       0x5a /usr/lib/gcc/arm-none-eabi/9.2.1/thumb/v7e-m+dp/hard/crtend.o

.debug_info     0x0000000000000000    0x25371
 .debug_info    0x0000000000000000     0x23b8 build/main.o
 .debug_info    0x00000000000023b8      0x24d build/stm32f7xx_it.o
 .debug_info    0x0000000000002605      0xc42 build/stm32f7xx_hal_msp.o
 .debug_info    0x0000000000003247     0x2048 build/bootloader.o
 .debug_info    0x000000000000528f     0x1206 build/usb_device.o
 .debug_info    0x0000000000006495     0x1113 build/usbd_desc.o
 .debug_info    0x00000000000075a8     0x14b7 build/usbd_cdc_if.o
 .debug_info    0x0000000000008a5f     0x2bbf build/usbd_conf.o
 .debug_info    0x000000000000b61e     0x1bd6 build/stm32f7xx_hal_pcd.o
 .debug_info    0x000000000000d1f4      0x925 build/stm32f7xx_hal_pcd_ex.o
 .debug_info    0x000000000000db19     0x21b8 build/stm32f7xx_ll_usb.o
 .debug_info    0x000000000000fcd1      0xd39 build/stm32f7xx_hal_rcc.o
 .debug_info    0x0000000000010a0a      0xa45 build/stm32f7xx_hal_rcc_ex.o
 .debug_info    0x000000000001144f      0x928 build/stm32f7xx_hal_gpio.o
 .debug_info    0x0000000000011d77      0xb6b build/stm32f7xx_hal_pwr.o
 .debug_info    0x00000000000128e2      0xbd9 build/stm32f7xx_hal_pwr_ex.o
 .debug_info    0x00000000000134bb     0x14d8 build/stm32f7xx_hal_cortex.o
 .debug_info    0x0000000000014993      0xc57 build/stm32f7xx_hal.o
 .debug_info    0x00000000000155ea     0x21da build/stm32f7xx_hal_uart.o
 .debug_info    0x00000000000177c4      0x867 build/system_stm32f7xx.o
 .debug_info    0x000000000001802b     0x1994 build/usbd_core.o
 .debug_info    0x00000000000199bf     0x1e40 build/usbd_ctlreq.o
 .debug_info    0x000000000001b7ff     0x1371 build/usbd_ioreq.o
 .debug_info    0x000000000001cb70     0x2015 build/usbd_cdc.o
 .debug_info    0x000000000001eb85       0x22 build/startup_stm32f767xx.o
 .debug_info    0x000000000001eba7      0x92a /usr/lib/gcc/arm-none-eabi/9.2.1/../../../arm-none-eabi/lib/thumb/v7e-m+dp/hard/libc_nano.a(lib_a-impure.o)
 .debug_info    0x000000000001f4d1      0x11a /usr/lib/gcc/arm-none-eabi/9.2.1/../../../arm-none-eabi/lib/thumb/v7e-m+dp/hard/libc_nano.a(lib_a-init.o)
 .debug_info    0x000000000001f5eb      0x9b6 /usr/lib/gcc/arm-none-eabi/9.2.1/../../../arm-none-eabi/lib/thumb/v7e-m+dp/hard/libc_nano.a(lib_a-malloc.o)
 .debug_info    0x000000000001ffa1      0xf21 /usr/lib/gcc/arm-none-eabi/9.2.1/../../../arm-none-eabi/lib/thumb/v7e-m+dp/hard/libc_nano.a(lib_a-memset.o)
 .debug_info    0x0000000000020ec2      0xb85 /usr/lib/gcc/arm-none-eabi/9.2.1/../../../arm-none-eabi/lib/thumb/v7e-m+dp/hard/libc_nano.a(lib_a-nano-freer.o)
 .debug_info    0x0000000000021a47      0xc5a /usr/lib/gcc/arm-none-eabi/9.2.1/../../../arm-none-eabi/lib/thumb/v7e-m+dp/hard/libc_nano.a(lib_a-nano-mallocr.o)
 .debug_info    0x00000000000226a1      0x9fb /usr/lib/gcc/arm-none-eabi/9.2.1/../../../arm-none-eabi/lib/thumb/v7e-m+dp/hard/libc_nano.a(lib_a-sbrkr.o)
 .debug_info    0x000000000002309c      0x961 /usr/lib/gcc/arm-none-eabi/9.2.1/../../../arm-none-eabi/lib/thumb/v7e-m+dp/hard/libc_nano.a(lib_a-mlock.o)
 .debug_info    0x00000000000239fd      0xb0f /usr/lib/gcc/arm-none-eabi/9.2.1/../../../arm-none-eabi/lib/thumb/v7e-m+dp/hard/libc_nano.a(lib_a-reent.o)
 .debug_info    0x000000000002450c       0x9d /usr/lib/gcc/arm-none-eabi/9.2.1/../../../arm-none-eabi/lib/thumb/v7e-m+dp/hard/libnosys.a(sbrk.o)
 .debug_info    0x00000000000245a9       0x26 /usr/lib/gcc/arm-none-eabi/9.2.1/thumb/v7e-m+dp/hard/libgcc.a(_aeabi_uldivmod.o)
 .debug_info    0x00000000000245cf      0xd7c /usr/lib/gcc/arm-none-eabi/9.2.1/thumb/v7e-m+dp/hard/libgcc.a(_udivmoddi4.o)
 .debug_info    0x000000000002534b       0x26 /usr/lib/gcc/arm-none-eabi/9.2.1/thumb/v7e-m+dp/hard/libgcc.a(_dvmd_tls.o)

.debug_abbrev   0x0000000000000000     0x5372
 .debug_abbrev  0x0000000000000000      0x2f2 build/main.o
 .debug_abbrev  0x00000000000002f2       0xf2 build/stm32f7xx_it.o
 .debug_abbrev  0x00000000000003e4      0x1bf build/stm32f7xx_hal_msp.o
 .debug_abbrev  0x00000000000005a3      0x38b build/bootloader.o
 .debug_abbrev  0x000000000000092e      0x239 build/usb_device.o
 .debug_abbrev  0x0000000000000b67      0x2dd build/usbd_desc.o
 .debug_abbrev  0x0000000000000e44      0x36c build/usbd_cdc_if.o
 .debug_abbrev  0x00000000000011b0      0x368 build/usbd_conf.o
 .debug_abbrev  0x0000000000001518      0x2ef build/stm32f7xx_hal_pcd.o
 .debug_abbrev  0x0000000000001807      0x1e1 build/stm32f7xx_hal_pcd_ex.o
 .debug_abbrev  0x00000000000019e8      0x335 build/stm32f7xx_ll_usb.o
 .debug_abbrev  0x0000000000001d1d      0x2f5 build/stm32f7xx_hal_rcc.o
 .debug_abbrev  0x0000000000002012      0x203 build/stm32f7xx_hal_rcc_ex.o
 .debug_abbrev  0x0000000000002215      0x258 build/stm32f7xx_hal_gpio.o
 .debug_abbrev  0x000000000000246d      0x1f5 build/stm32f7xx_hal_pwr.o
 .debug_abbrev  0x0000000000002662      0x1de build/stm32f7xx_hal_pwr_ex.o
 .debug_abbrev  0x0000000000002840      0x3a8 build/stm32f7xx_hal_cortex.o
 .debug_abbrev  0x0000000000002be8      0x21c build/stm32f7xx_hal.o
 .debug_abbrev  0x0000000000002e04      0x2ac build/stm32f7xx_hal_uart.o
 .debug_abbrev  0x00000000000030b0      0x159 build/system_stm32f7xx.o
 .debug_abbrev  0x0000000000003209      0x331 build/usbd_core.o
 .debug_abbrev  0x000000000000353a      0x41c build/usbd_ctlreq.o
 .debug_abbrev  0x0000000000003956      0x23a build/usbd_ioreq.o
 .debug_abbrev  0x0000000000003b90      0x39d build/usbd_cdc.o
 .debug_abbrev  0x0000000000003f2d       0x12 build/startup_stm32f767xx.o
 .debug_abbrev  0x0000000000003f3f      0x17a /usr/lib/gcc/arm-none-eabi/9.2.1/../../../arm-none-eabi/lib/thumb/v7e-m+dp/hard/libc_nano.a(lib_a-impure.o)
 .debug_abbrev  0x00000000000040b9       0xcc /usr/lib/gcc/arm-none-eabi/9.2.1/../../../arm-none-eabi/lib/thumb/v7e-m+dp/hard/libc_nano.a(lib_a-init.o)
 .debug_abbrev  0x0000000000004185      0x1f2 /usr/lib/gcc/arm-none-eabi/9.2.1/../../../arm-none-eabi/lib/thumb/v7e-m+dp/hard/libc_nano.a(lib_a-malloc.o)
 .debug_abbrev  0x0000000000004377      0x1d9 /usr/lib/gcc/arm-none-eabi/9.2.1/../../../arm-none-eabi/lib/thumb/v7e-m+dp/hard/libc_nano.a(lib_a-memset.o)
 .debug_abbrev  0x0000000000004550      0x286 /usr/lib/gcc/arm-none-eabi/9.2.1/../../../arm-none-eabi/lib/thumb/v7e-m+dp/hard/libc_nano.a(lib_a-nano-freer.o)
 .debug_abbrev  0x00000000000047d6      0x2d1 /usr/lib/gcc/arm-none-eabi/9.2.1/../../../arm-none-eabi/lib/thumb/v7e-m+dp/hard/libc_nano.a(lib_a-nano-mallocr.o)
 .debug_abbrev  0x0000000000004aa7      0x212 /usr/lib/gcc/arm-none-eabi/9.2.1/../../../arm-none-eabi/lib/thumb/v7e-m+dp/hard/libc_nano.a(lib_a-sbrkr.o)
 .debug_abbrev  0x0000000000004cb9      0x1c5 /usr/lib/gcc/arm-none-eabi/9.2.1/../../../arm-none-eabi/lib/thumb/v7e-m+dp/hard/libc_nano.a(lib_a-mlock.o)
 .debug_abbrev  0x0000000000004e7e      0x268 /usr/lib/gcc/arm-none-eabi/9.2.1/../../../arm-none-eabi/lib/thumb/v7e-m+dp/hard/libc_nano.a(lib_a-reent.o)
 .debug_abbrev  0x00000000000050e6       0xa2 /usr/lib/gcc/arm-none-eabi/9.2.1/../../../arm-none-eabi/lib/thumb/v7e-m+dp/hard/libnosys.a(sbrk.o)
 .debug_abbrev  0x0000000000005188       0x14 /usr/lib/gcc/arm-none-eabi/9.2.1/thumb/v7e-m+dp/hard/libgcc.a(_aeabi_uldivmod.o)
 .debug_abbrev  0x000000000000519c      0x1c2 /usr/lib/gcc/arm-none-eabi/9.2.1/thumb/v7e-m+dp/hard/libgcc.a(_udivmoddi4.o)
 .debug_abbrev  0x000000000000535e       0x14 /usr/lib/gcc/arm-none-eabi/9.2.1/thumb/v7e-m+dp/hard/libgcc.a(_dvmd_tls.o)

.debug_loc      0x0000000000000000     0xed77
 .debug_loc     0x0000000000000000       0xb2 build/main.o
 .debug_loc     0x00000000000000b2       0x20 build/stm32f7xx_it.o
 .debug_loc     0x00000000000000d2      0x114 build/stm32f7xx_hal_msp.o
 .debug_loc     0x00000000000001e6      0x24e build/bootloader.o
 .debug_loc     0x0000000000000434       0x20 build/usb_device.o
 .debug_loc     0x0000000000000454      0x4a0 build/usbd_desc.o
 .debug_loc     0x00000000000008f4      0x1bc build/usbd_cdc_if.o
 .debug_loc     0x0000000000000ab0     0x102d build/usbd_conf.o
 .debug_loc     0x0000000000001add     0x14d2 build/stm32f7xx_hal_pcd.o
 .debug_loc     0x0000000000002faf      0x17b build/stm32f7xx_hal_pcd_ex.o
 .debug_loc     0x000000000000312a     0x279e build/stm32f7xx_ll_usb.o
 .debug_loc     0x00000000000058c8      0x7f0 build/stm32f7xx_hal_rcc.o
 .debug_loc     0x00000000000060b8      0x973 build/stm32f7xx_hal_rcc_ex.o
 .debug_loc     0x0000000000006a2b      0x5d4 build/stm32f7xx_hal_gpio.o
 .debug_loc     0x0000000000006fff       0xa5 build/stm32f7xx_hal_pwr.o
 .debug_loc     0x00000000000070a4      0x3ca build/stm32f7xx_hal_pwr_ex.o
 .debug_loc     0x000000000000746e      0x7c4 build/stm32f7xx_hal_cortex.o
 .debug_loc     0x0000000000007c32      0x1e1 build/stm32f7xx_hal.o
 .debug_loc     0x0000000000007e13     0x20d7 build/stm32f7xx_hal_uart.o
 .debug_loc     0x0000000000009eea      0x16c build/system_stm32f7xx.o
 .debug_loc     0x000000000000a056      0xbdb build/usbd_core.o
 .debug_loc     0x000000000000ac31     0x18d0 build/usbd_ctlreq.o
 .debug_loc     0x000000000000c501      0x398 build/usbd_ioreq.o
 .debug_loc     0x000000000000c899      0x9c6 build/usbd_cdc.o
 .debug_loc     0x000000000000d25f       0xba /usr/lib/gcc/arm-none-eabi/9.2.1/../../../arm-none-eabi/lib/thumb/v7e-m+dp/hard/libc_nano.a(lib_a-init.o)
 .debug_loc     0x000000000000d319       0x64 /usr/lib/gcc/arm-none-eabi/9.2.1/../../../arm-none-eabi/lib/thumb/v7e-m+dp/hard/libc_nano.a(lib_a-malloc.o)
 .debug_loc     0x000000000000d37d      0x231 /usr/lib/gcc/arm-none-eabi/9.2.1/../../../arm-none-eabi/lib/thumb/v7e-m+dp/hard/libc_nano.a(lib_a-memset.o)
 .debug_loc     0x000000000000d5ae      0x211 /usr/lib/gcc/arm-none-eabi/9.2.1/../../../arm-none-eabi/lib/thumb/v7e-m+dp/hard/libc_nano.a(lib_a-nano-freer.o)
 .debug_loc     0x000000000000d7bf      0x437 /usr/lib/gcc/arm-none-eabi/9.2.1/../../../arm-none-eabi/lib/thumb/v7e-m+dp/hard/libc_nano.a(lib_a-nano-mallocr.o)
 .debug_loc     0x000000000000dbf6       0x6c /usr/lib/gcc/arm-none-eabi/9.2.1/../../../arm-none-eabi/lib/thumb/v7e-m+dp/hard/libc_nano.a(lib_a-sbrkr.o)
 .debug_loc     0x000000000000dc62      0x135 /usr/lib/gcc/arm-none-eabi/9.2.1/../../../arm-none-eabi/lib/thumb/v7e-m+dp/hard/libc_nano.a(lib_a-reent.o)
 .debug_loc     0x000000000000dd97       0x3e /usr/lib/gcc/arm-none-eabi/9.2.1/../../../arm-none-eabi/lib/thumb/v7e-m+dp/hard/libnosys.a(sbrk.o)
 .debug_loc     0x000000000000ddd5      0xfa2 /usr/lib/gcc/arm-none-eabi/9.2.1/thumb/v7e-m+dp/hard/libgcc.a(_udivmoddi4.o)

.debug_aranges  0x0000000000000000     0x1038
 .debug_aranges
                0x0000000000000000       0x40 build/main.o
 .debug_aranges
                0x0000000000000040       0x60 build/stm32f7xx_it.o
 .debug_aranges
                0x00000000000000a0       0x30 build/stm32f7xx_hal_msp.o
 .debug_aranges
                0x00000000000000d0       0x50 build/bootloader.o
 .debug_aranges
                0x0000000000000120       0x20 build/usb_device.o
 .debug_aranges
                0x0000000000000140       0x68 build/usbd_desc.o
 .debug_aranges
                0x00000000000001a8       0x48 build/usbd_cdc_if.o
 .debug_aranges
                0x00000000000001f0      0x110 build/usbd_conf.o
 .debug_aranges
                0x0000000000000300      0x130 build/stm32f7xx_hal_pcd.o
 .debug_aranges
                0x0000000000000430       0x48 build/stm32f7xx_hal_pcd_ex.o
 .debug_aranges
                0x0000000000000478      0x198 build/stm32f7xx_ll_usb.o
 .debug_aranges
                0x0000000000000610       0x88 build/stm32f7xx_hal_rcc.o
 .debug_aranges
                0x0000000000000698       0x50 build/stm32f7xx_hal_rcc_ex.o
 .debug_aranges
                0x00000000000006e8       0x58 build/stm32f7xx_hal_gpio.o
 .debug_aranges
                0x0000000000000740       0xa0 build/stm32f7xx_hal_pwr.o
 .debug_aranges
                0x00000000000007e0       0x80 build/stm32f7xx_hal_pwr_ex.o
 .debug_aranges
                0x0000000000000860       0xa8 build/stm32f7xx_hal_cortex.o
 .debug_aranges
                0x0000000000000908      0x110 build/stm32f7xx_hal.o
 .debug_aranges
                0x0000000000000a18      0x218 build/stm32f7xx_hal_uart.o
 .debug_aranges
                0x0000000000000c30       0x28 build/system_stm32f7xx.o
 .debug_aranges
                0x0000000000000c58       0xb8 build/usbd_core.o
 .debug_aranges
                0x0000000000000d10       0x88 build/usbd_ctlreq.o
 .debug_aranges
                0x0000000000000d98       0x50 build/usbd_ioreq.o
 .debug_aranges
                0x0000000000000de8       0x90 build/usbd_cdc.o
 .debug_aranges
                0x0000000000000e78       0x28 build/startup_stm32f767xx.o
 .debug_aranges
                0x0000000000000ea0       0x18 /usr/lib/gcc/arm-none-eabi/9.2.1/../../../arm-none-eabi/lib/thumb/v7e-m+dp/hard/libc_nano.a(lib_a-impure.o)
 .debug_aranges
                0x0000000000000eb8       0x20 /usr/lib/gcc/arm-none-eabi/9.2.1/../../../arm-none-eabi/lib/thumb/v7e-m+dp/hard/libc_nano.a(lib_a-init.o)
 .debug_aranges
                0x0000000000000ed8       0x20 /usr/lib/gcc/arm-none-eabi/9.2.1/../../../arm-none-eabi/lib/thumb/v7e-m+dp/hard/libc_nano.a(lib_a-malloc.o)
 .debug_aranges
                0x0000000000000ef8       0x20 /usr/lib/gcc/arm-none-eabi/9.2.1/../../../arm-none-eabi/lib/thumb/v7e-m+dp/hard/libc_nano.a(lib_a-memset.o)
 .debug_aranges
                0x0000000000000f18       0x20 /usr/lib/gcc/arm-none-eabi/9.2.1/../../../arm-none-eabi/lib/thumb/v7e-m+dp/hard/libc_nano.a(lib_a-nano-freer.o)
 .debug_aranges
                0x0000000000000f38       0x20 /usr/lib/gcc/arm-none-eabi/9.2.1/../../../arm-none-eabi/lib/thumb/v7e-m+dp/hard/libc_nano.a(lib_a-nano-mallocr.o)
 .debug_aranges
                0x0000000000000f58       0x20 /usr/lib/gcc/arm-none-eabi/9.2.1/../../../arm-none-eabi/lib/thumb/v7e-m+dp/hard/libc_nano.a(lib_a-sbrkr.o)
 .debug_aranges
                0x0000000000000f78       0x20 /usr/lib/gcc/arm-none-eabi/9.2.1/../../../arm-none-eabi/lib/thumb/v7e-m+dp/hard/libc_nano.a(lib_a-mlock.o)
 .debug_aranges
                0x0000000000000f98       0x20 /usr/lib/gcc/arm-none-eabi/9.2.1/../../../arm-none-eabi/lib/thumb/v7e-m+dp/hard/libc_nano.a(lib_a-reent.o)
 .debug_aranges
                0x0000000000000fb8       0x20 /usr/lib/gcc/arm-none-eabi/9.2.1/../../../arm-none-eabi/lib/thumb/v7e-m+dp/hard/libnosys.a(sbrk.o)
 .debug_aranges
                0x0000000000000fd8       0x20 /usr/lib/gcc/arm-none-eabi/9.2.1/thumb/v7e-m+dp/hard/libgcc.a(_aeabi_uldivmod.o)
 .debug_aranges
                0x0000000000000ff8       0x20 /usr/lib/gcc/arm-none-eabi/9.2.1/thumb/v7e-m+dp/hard/libgcc.a(_udivmoddi4.o)
 .debug_aranges
                0x0000000000001018       0x20 /usr/lib/gcc/arm-none-eabi/9.2.1/thumb/v7e-m+dp/hard/libgcc.a(_dvmd_tls.o)

.debug_ranges   0x0000000000000000      0xea8
 .debug_ranges  0x0000000000000000       0x30 build/main.o
 .debug_ranges  0x0000000000000030       0x50 build/stm32f7xx_it.o
 .debug_ranges  0x0000000000000080       0x20 build/stm32f7xx_hal_msp.o
 .debug_ranges  0x00000000000000a0       0x58 build/bootloader.o
 .debug_ranges  0x00000000000000f8       0x10 build/usb_device.o
 .debug_ranges  0x0000000000000108       0x58 build/usbd_desc.o
 .debug_ranges  0x0000000000000160       0x38 build/usbd_cdc_if.o
 .debug_ranges  0x0000000000000198      0x100 build/usbd_conf.o
 .debug_ranges  0x0000000000000298      0x120 build/stm32f7xx_hal_pcd.o
 .debug_ranges  0x00000000000003b8       0x38 build/stm32f7xx_hal_pcd_ex.o
 .debug_ranges  0x00000000000003f0      0x188 build/stm32f7xx_ll_usb.o
 .debug_ranges  0x0000000000000578       0x78 build/stm32f7xx_hal_rcc.o
 .debug_ranges  0x00000000000005f0       0x40 build/stm32f7xx_hal_rcc_ex.o
 .debug_ranges  0x0000000000000630       0x48 build/stm32f7xx_hal_gpio.o
 .debug_ranges  0x0000000000000678       0x90 build/stm32f7xx_hal_pwr.o
 .debug_ranges  0x0000000000000708       0x70 build/stm32f7xx_hal_pwr_ex.o
 .debug_ranges  0x0000000000000778       0xf8 build/stm32f7xx_hal_cortex.o
 .debug_ranges  0x0000000000000870      0x100 build/stm32f7xx_hal.o
 .debug_ranges  0x0000000000000970      0x208 build/stm32f7xx_hal_uart.o
 .debug_ranges  0x0000000000000b78       0x18 build/system_stm32f7xx.o
 .debug_ranges  0x0000000000000b90       0xa8 build/usbd_core.o
 .debug_ranges  0x0000000000000c38       0x78 build/usbd_ctlreq.o
 .debug_ranges  0x0000000000000cb0       0x40 build/usbd_ioreq.o
 .debug_ranges  0x0000000000000cf0       0x80 build/usbd_cdc.o
 .debug_ranges  0x0000000000000d70       0x20 build/startup_stm32f767xx.o
 .debug_ranges  0x0000000000000d90       0x18 /usr/lib/gcc/arm-none-eabi/9.2.1/../../../arm-none-eabi/lib/thumb/v7e-m+dp/hard/libc_nano.a(lib_a-nano-freer.o)
 .debug_ranges  0x0000000000000da8       0x38 /usr/lib/gcc/arm-none-eabi/9.2.1/../../../arm-none-eabi/lib/thumb/v7e-m+dp/hard/libc_nano.a(lib_a-nano-mallocr.o)
 .debug_ranges  0x0000000000000de0       0xc8 /usr/lib/gcc/arm-none-eabi/9.2.1/thumb/v7e-m+dp/hard/libgcc.a(_udivmoddi4.o)

.debug_line     0x0000000000000000     0xe2b0
 .debug_line    0x0000000000000000      0x5fa build/main.o
 .debug_line    0x00000000000005fa      0x1fe build/stm32f7xx_it.o
 .debug_line    0x00000000000007f8      0x238 build/stm32f7xx_hal_msp.o
 .debug_line    0x0000000000000a30      0x52e build/bootloader.o
 .debug_line    0x0000000000000f5e      0x280 build/usb_device.o
 .debug_line    0x00000000000011de      0x424 build/usbd_desc.o
 .debug_line    0x0000000000001602      0x308 build/usbd_cdc_if.o
 .debug_line    0x000000000000190a      0x84f build/usbd_conf.o
 .debug_line    0x0000000000002159     0x12ae build/stm32f7xx_hal_pcd.o
 .debug_line    0x0000000000003407      0x2fc build/stm32f7xx_hal_pcd_ex.o
 .debug_line    0x0000000000003703     0x1ab7 build/stm32f7xx_ll_usb.o
 .debug_line    0x00000000000051ba      0xc6f build/stm32f7xx_hal_rcc.o
 .debug_line    0x0000000000005e29      0xbcf build/stm32f7xx_hal_rcc_ex.o
 .debug_line    0x00000000000069f8      0x6a2 build/stm32f7xx_hal_gpio.o
 .debug_line    0x000000000000709a      0x3fb build/stm32f7xx_hal_pwr.o
 .debug_line    0x0000000000007495      0x4e5 build/stm32f7xx_hal_pwr_ex.o
 .debug_line    0x000000000000797a      0x717 build/stm32f7xx_hal_cortex.o
 .debug_line    0x0000000000008091      0x535 build/stm32f7xx_hal.o
 .debug_line    0x00000000000085c6     0x212a build/stm32f7xx_hal_uart.o
 .debug_line    0x000000000000a6f0      0x202 build/system_stm32f7xx.o
 .debug_line    0x000000000000a8f2      0x86c build/usbd_core.o
 .debug_line    0x000000000000b15e      0xd57 build/usbd_ctlreq.o
 .debug_line    0x000000000000beb5      0x34e build/usbd_ioreq.o
 .debug_line    0x000000000000c203      0x859 build/usbd_cdc.o
 .debug_line    0x000000000000ca5c       0x73 build/startup_stm32f767xx.o
 .debug_line    0x000000000000cacf       0xe3 /usr/lib/gcc/arm-none-eabi/9.2.1/../../../arm-none-eabi/lib/thumb/v7e-m+dp/hard/libc_nano.a(lib_a-impure.o)
 .debug_line    0x000000000000cbb2      0x10d /usr/lib/gcc/arm-none-eabi/9.2.1/../../../arm-none-eabi/lib/thumb/v7e-m+dp/hard/libc_nano.a(lib_a-init.o)
 .debug_line    0x000000000000ccbf      0x15e /usr/lib/gcc/arm-none-eabi/9.2.1/../../../arm-none-eabi/lib/thumb/v7e-m+dp/hard/libc_nano.a(lib_a-malloc.o)
 .debug_line    0x000000000000ce1d      0x26b /usr/lib/gcc/arm-none-eabi/9.2.1/../../../arm-none-eabi/lib/thumb/v7e-m+dp/hard/libc_nano.a(lib_a-memset.o)
 .debug_line    0x000000000000d088      0x2af /usr/lib/gcc/arm-none-eabi/9.2.1/../../../arm-none-eabi/lib/thumb/v7e-m+dp/hard/libc_nano.a(lib_a-nano-freer.o)
 .debug_line    0x000000000000d337      0x2f2 /usr/lib/gcc/arm-none-eabi/9.2.1/../../../arm-none-eabi/lib/thumb/v7e-m+dp/hard/libc_nano.a(lib_a-nano-mallocr.o)
 .debug_line    0x000000000000d629      0x182 /usr/lib/gcc/arm-none-eabi/9.2.1/../../../arm-none-eabi/lib/thumb/v7e-m+dp/hard/libc_nano.a(lib_a-sbrkr.o)
 .debug_line    0x000000000000d7ab      0x13d /usr/lib/gcc/arm-none-eabi/9.2.1/../../../arm-none-eabi/lib/thumb/v7e-m+dp/hard/libc_nano.a(lib_a-mlock.o)
 .debug_line    0x000000000000d8e8      0x275 /usr/lib/gcc/arm-none-eabi/9.2.1/../../../arm-none-eabi/lib/thumb/v7e-m+dp/hard/libc_nano.a(lib_a-reent.o)
 .debug_line    0x000000000000db5d       0x79 /usr/lib/gcc/arm-none-eabi/9.2.1/../../../arm-none-eabi/lib/thumb/v7e-m+dp/hard/libnosys.a(sbrk.o)
 .debug_line    0x000000000000dbd6       0x60 /usr/lib/gcc/arm-none-eabi/9.2.1/thumb/v7e-m+dp/hard/libgcc.a(_aeabi_uldivmod.o)
 .debug_line    0x000000000000dc36      0x61a /usr/lib/gcc/arm-none-eabi/9.2.1/thumb/v7e-m+dp/hard/libgcc.a(_udivmoddi4.o)
 .debug_line    0x000000000000e250       0x60 /usr/lib/gcc/arm-none-eabi/9.2.1/thumb/v7e-m+dp/hard/libgcc.a(_dvmd_tls.o)

.debug_str      0x0000000000000000     0x6bb4
 .debug_str     0x0000000000000000     0x13ff build/main.o
                                       0x15da (size before relaxing)
 .debug_str     0x00000000000013ff       0xb4 build/stm32f7xx_it.o
                                        0x303 (size before relaxing)
 .debug_str     0x00000000000014b3       0x63 build/stm32f7xx_hal_msp.o
                                        0x879 (size before relaxing)
 .debug_str     0x0000000000001516      0x347 build/bootloader.o
                                        0xfe5 (size before relaxing)
 .debug_str     0x000000000000185d       0x8d build/usb_device.o
                                        0xb23 (size before relaxing)
 .debug_str     0x00000000000018ea      0x1d5 build/usbd_desc.o
                                        0x94f (size before relaxing)
 .debug_str     0x0000000000001abf      0x139 build/usbd_cdc_if.o
                                        0xc40 (size before relaxing)
 .debug_str     0x0000000000001bf8      0x871 build/usbd_conf.o
                                       0x1631 (size before relaxing)
 .debug_str     0x0000000000002469      0x54d build/stm32f7xx_hal_pcd.o
                                        0xe0a (size before relaxing)
 .debug_str     0x00000000000029b6      0x12a build/stm32f7xx_hal_pcd_ex.o
                                        0x7f4 (size before relaxing)
 .debug_str     0x0000000000002ae0      0x417 build/stm32f7xx_ll_usb.o
                                        0xd22 (size before relaxing)
 .debug_str     0x0000000000002ef7      0x1a6 build/stm32f7xx_hal_rcc.o
                                        0x787 (size before relaxing)
 .debug_str     0x000000000000309d      0x14c build/stm32f7xx_hal_rcc_ex.o
                                        0x7e7 (size before relaxing)
 .debug_str     0x00000000000031e9      0x120 build/stm32f7xx_hal_gpio.o
                                        0x5a0 (size before relaxing)
 .debug_str     0x0000000000003309      0x208 build/stm32f7xx_hal_pwr.o
                                        0x6eb (size before relaxing)
 .debug_str     0x0000000000003511      0x1bf build/stm32f7xx_hal_pwr_ex.o
                                        0x6fa (size before relaxing)
 .debug_str     0x00000000000036d0      0xac4 build/stm32f7xx_hal_cortex.o
                                        0xee7 (size before relaxing)
 .debug_str     0x0000000000004194      0x288 build/stm32f7xx_hal.o
                                        0xd60 (size before relaxing)
 .debug_str     0x000000000000441c      0x74f build/stm32f7xx_hal_uart.o
                                        0xff6 (size before relaxing)
 .debug_str     0x0000000000004b6b       0x47 build/system_stm32f7xx.o
                                        0x4dd (size before relaxing)
 .debug_str     0x0000000000004bb2      0x13e build/usbd_core.o
                                        0xd34 (size before relaxing)
 .debug_str     0x0000000000004cf0      0x109 build/usbd_ctlreq.o
                                        0xc86 (size before relaxing)
 .debug_str     0x0000000000004df9       0x60 build/usbd_ioreq.o
                                        0xb7b (size before relaxing)
 .debug_str     0x0000000000004e59      0x189 build/usbd_cdc.o
                                       0x1165 (size before relaxing)
 .debug_str     0x0000000000004fe2       0x22 build/startup_stm32f767xx.o
                                         0x47 (size before relaxing)
 .debug_str     0x0000000000005004      0x1ad /usr/lib/gcc/arm-none-eabi/9.2.1/../../../arm-none-eabi/lib/thumb/v7e-m+dp/hard/libc_nano.a(lib_a-impure.o)
                                        0x5e5 (size before relaxing)
 .debug_str     0x00000000000051b1       0xf6 /usr/lib/gcc/arm-none-eabi/9.2.1/../../../arm-none-eabi/lib/thumb/v7e-m+dp/hard/libc_nano.a(lib_a-init.o)
                                        0x22c (size before relaxing)
 .debug_str     0x00000000000052a7       0xb4 /usr/lib/gcc/arm-none-eabi/9.2.1/../../../arm-none-eabi/lib/thumb/v7e-m+dp/hard/libc_nano.a(lib_a-malloc.o)
                                        0x616 (size before relaxing)
 .debug_str     0x000000000000535b      0x315 /usr/lib/gcc/arm-none-eabi/9.2.1/../../../arm-none-eabi/lib/thumb/v7e-m+dp/hard/libc_nano.a(lib_a-memset.o)
                                        0x912 (size before relaxing)
 .debug_str     0x0000000000005670      0x137 /usr/lib/gcc/arm-none-eabi/9.2.1/../../../arm-none-eabi/lib/thumb/v7e-m+dp/hard/libc_nano.a(lib_a-nano-freer.o)
                                        0x715 (size before relaxing)
 .debug_str     0x00000000000057a7       0x32 /usr/lib/gcc/arm-none-eabi/9.2.1/../../../arm-none-eabi/lib/thumb/v7e-m+dp/hard/libc_nano.a(lib_a-nano-mallocr.o)
                                        0x72c (size before relaxing)
 .debug_str     0x00000000000057d9       0x6d /usr/lib/gcc/arm-none-eabi/9.2.1/../../../arm-none-eabi/lib/thumb/v7e-m+dp/hard/libc_nano.a(lib_a-sbrkr.o)
                                        0x628 (size before relaxing)
 .debug_str     0x0000000000005846       0x4c /usr/lib/gcc/arm-none-eabi/9.2.1/../../../arm-none-eabi/lib/thumb/v7e-m+dp/hard/libc_nano.a(lib_a-mlock.o)
                                        0x611 (size before relaxing)
 .debug_str     0x0000000000005892       0x5e /usr/lib/gcc/arm-none-eabi/9.2.1/../../../arm-none-eabi/lib/thumb/v7e-m+dp/hard/libc_nano.a(lib_a-reent.o)
                                        0x621 (size before relaxing)
 .debug_str     0x00000000000058f0      0x119 /usr/lib/gcc/arm-none-eabi/9.2.1/../../../arm-none-eabi/lib/thumb/v7e-m+dp/hard/libnosys.a(sbrk.o)
                                        0x132 (size before relaxing)
 .debug_str     0x0000000000005a09       0x97 /usr/lib/gcc/arm-none-eabi/9.2.1/thumb/v7e-m+dp/hard/libgcc.a(_aeabi_uldivmod.o)
                                         0xa3 (size before relaxing)
 .debug_str     0x0000000000005aa0     0x10e4 /usr/lib/gcc/arm-none-eabi/9.2.1/thumb/v7e-m+dp/hard/libgcc.a(_udivmoddi4.o)
                                       0x11e9 (size before relaxing)
 .debug_str     0x0000000000006b84       0x30 /usr/lib/gcc/arm-none-eabi/9.2.1/thumb/v7e-m+dp/hard/libgcc.a(_dvmd_tls.o)
                                         0xa7 (size before relaxing)

.debug_frame    0x0000000000000000     0x2668
 .debug_frame   0x0000000000000000       0xa0 build/main.o
 .debug_frame   0x00000000000000a0       0xa8 build/stm32f7xx_it.o
 .debug_frame   0x0000000000000148       0x60 build/stm32f7xx_hal_msp.o
 .debug_frame   0x00000000000001a8       0xc8 build/bootloader.o
 .debug_frame   0x0000000000000270       0x28 build/usb_device.o
 .debug_frame   0x0000000000000298       0xf0 build/usbd_desc.o
 .debug_frame   0x0000000000000388       0x88 build/usbd_cdc_if.o
 .debug_frame   0x0000000000000410      0x2f4 build/usbd_conf.o
 .debug_frame   0x0000000000000704      0x364 build/stm32f7xx_hal_pcd.o
 .debug_frame   0x0000000000000a68       0x7c build/stm32f7xx_hal_pcd_ex.o
 .debug_frame   0x0000000000000ae4      0x49c build/stm32f7xx_ll_usb.o
 .debug_frame   0x0000000000000f80      0x180 build/stm32f7xx_hal_rcc.o
 .debug_frame   0x0000000000001100       0xcc build/stm32f7xx_hal_rcc_ex.o
 .debug_frame   0x00000000000011cc       0xd8 build/stm32f7xx_hal_gpio.o
 .debug_frame   0x00000000000012a4      0x134 build/stm32f7xx_hal_pwr.o
 .debug_frame   0x00000000000013d8      0x134 build/stm32f7xx_hal_pwr_ex.o
 .debug_frame   0x000000000000150c      0x15c build/stm32f7xx_hal_cortex.o
 .debug_frame   0x0000000000001668      0x22c build/stm32f7xx_hal.o
 .debug_frame   0x0000000000001894      0x5d4 build/stm32f7xx_hal_uart.o
 .debug_frame   0x0000000000001e68       0x30 build/system_stm32f7xx.o
 .debug_frame   0x0000000000001e98      0x1d4 build/usbd_core.o
 .debug_frame   0x000000000000206c      0x180 build/usbd_ctlreq.o
 .debug_frame   0x00000000000021ec       0xb8 build/usbd_ioreq.o
 .debug_frame   0x00000000000022a4      0x160 build/usbd_cdc.o
 .debug_frame   0x0000000000002404       0x2c /usr/lib/gcc/arm-none-eabi/9.2.1/../../../arm-none-eabi/lib/thumb/v7e-m+dp/hard/libc_nano.a(lib_a-init.o)
 .debug_frame   0x0000000000002430       0x30 /usr/lib/gcc/arm-none-eabi/9.2.1/../../../arm-none-eabi/lib/thumb/v7e-m+dp/hard/libc_nano.a(lib_a-malloc.o)
 .debug_frame   0x0000000000002460       0x38 /usr/lib/gcc/arm-none-eabi/9.2.1/../../../arm-none-eabi/lib/thumb/v7e-m+dp/hard/libc_nano.a(lib_a-memset.o)
 .debug_frame   0x0000000000002498       0x58 /usr/lib/gcc/arm-none-eabi/9.2.1/../../../arm-none-eabi/lib/thumb/v7e-m+dp/hard/libc_nano.a(lib_a-nano-freer.o)
 .debug_frame   0x00000000000024f0       0x30 /usr/lib/gcc/arm-none-eabi/9.2.1/../../../arm-none-eabi/lib/thumb/v7e-m+dp/hard/libc_nano.a(lib_a-nano-mallocr.o)
 .debug_frame   0x0000000000002520       0x2c /usr/lib/gcc/arm-none-eabi/9.2.1/../../../arm-none-eabi/lib/thumb/v7e-m+dp/hard/libc_nano.a(lib_a-sbrkr.o)
 .debug_frame   0x000000000000254c       0x30 /usr/lib/gcc/arm-none-eabi/9.2.1/../../../arm-none-eabi/lib/thumb/v7e-m+dp/hard/libc_nano.a(lib_a-mlock.o)
 .debug_frame   0x000000000000257c       0x6c /usr/lib/gcc/arm-none-eabi/9.2.1/../../../arm-none-eabi/lib/thumb/v7e-m+dp/hard/libc_nano.a(lib_a-reent.o)
 .debug_frame   0x00000000000025e8       0x20 /usr/lib/gcc/arm-none-eabi/9.2.1/../../../arm-none-eabi/lib/thumb/v7e-m+dp/hard/libnosys.a(sbrk.o)
 .debug_frame   0x0000000000002608       0x2c /usr/lib/gcc/arm-none-eabi/9.2.1/thumb/v7e-m+dp/hard/libgcc.a(_aeabi_uldivmod.o)
 .debug_frame   0x0000000000002634       0x34 /usr/lib/gcc/arm-none-eabi/9.2.1/thumb/v7e-m+dp/hard/libgcc.a(_udivmoddi4.o)

Cross Reference Table

Symbol                                            File
ADC_IRQHandler                                    build/startup_stm32f767xx.o
AHBPrescTable                                     build/system_stm32f7xx.o
                                                  build/stm32f7xx_hal_rcc.o
APBPrescTable                                     build/system_stm32f7xx.o
                                                  build/stm32f7xx_hal_rcc.o
BusFault_Handler                                  build/stm32f7xx_it.o
CAN1_RX0_IRQHandler                               build/startup_stm32f767xx.o
CAN1_RX1_IRQHandler                               build/startup_stm32f767xx.o
CAN1_SCE_IRQHandler                               build/startup_stm32f767xx.o
CAN1_TX_IRQHandler                                build/startup_stm32f767xx.o
CAN2_RX0_IRQHandler                               build/startup_stm32f767xx.o
CAN2_RX1_IRQHandler                               build/startup_stm32f767xx.o
CAN2_SCE_IRQHandler                               build/startup_stm32f767xx.o
CAN2_TX_IRQHandler                                build/startup_stm32f767xx.o
CAN3_RX0_IRQHandler                               build/startup_stm32f767xx.o
CAN3_RX1_IRQHandler                               build/startup_stm32f767xx.o
CAN3_SCE_IRQHandler                               build/startup_stm32f767xx.o
CAN3_TX_IRQHandler                                build/startup_stm32f767xx.o
CDC_Transmit_FS                                   build/usbd_cdc_if.o
                                                  build/bootloader.o
CEC_IRQHandler                                    build/startup_stm32f767xx.o
DCMI_IRQHandler                                   build/startup_stm32f767xx.o
DFSDM1_FLT0_IRQHandler                            build/startup_stm32f767xx.o
DFSDM1_FLT1_IRQHandler                            build/startup_stm32f767xx.o
DFSDM1_FLT2_IRQHandler                            build/startup_stm32f767xx.o
DFSDM1_FLT3_IRQHandler                            build/startup_stm32f767xx.o
DMA1_Stream0_IRQHandler                           build/startup_stm32f767xx.o
DMA1_Stream1_IRQHandler                           build/startup_stm32f767xx.o
DMA1_Stream2_IRQHandler                           build/startup_stm32f767xx.o
DMA1_Stream3_IRQHandler                           build/startup_stm32f767xx.o
DMA1_Stream4_IRQHandler                           build/startup_stm32f767xx.o
DMA1_Stream5_IRQHandler                           build/startup_stm32f767xx.o
DMA1_Stream6_IRQHandler                           build/startup_stm32f767xx.o
DMA1_Stream7_IRQHandler                           build/startup_stm32f767xx.o
DMA2D_IRQHandler                                  build/startup_stm32f767xx.o
DMA2_Stream0_IRQHandler                           build/startup_stm32f767xx.o
DMA2_Stream1_IRQHandler                           build/startup_stm32f767xx.o
DMA2_Stream2_IRQHandler                           build/startup_stm32f767xx.o
DMA2_Stream3_IRQHandler                           build/startup_stm32f767xx.o
DMA2_Stream4_IRQHandler                           build/startup_stm32f767xx.o
DMA2_Stream5_IRQHandler                           build/startup_stm32f767xx.o
DMA2_Stream6_IRQHandler                           build/startup_stm32f767xx.o
DMA2_Stream7_IRQHandler                           build/startup_stm32f767xx.o
DebugMon_Handler                                  build/stm32f7xx_it.o
Default_Handler                                   build/startup_stm32f767xx.o
ETH_IRQHandler                                    build/startup_stm32f767xx.o
ETH_WKUP_IRQHandler                               build/startup_stm32f767xx.o
EXTI0_IRQHandler                                  build/startup_stm32f767xx.o
EXTI15_10_IRQHandler                              build/startup_stm32f767xx.o
EXTI1_IRQHandler                                  build/startup_stm32f767xx.o
EXTI2_IRQHandler                                  build/startup_stm32f767xx.o
EXTI3_IRQHandler                                  build/startup_stm32f767xx.o
EXTI4_IRQHandler                                  build/startup_stm32f767xx.o
EXTI9_5_IRQHandler                                build/startup_stm32f767xx.o
Error_Handler                                     build/main.o
                                                  build/usbd_conf.o
                                                  build/usb_device.o
FLASH_Erase_Sector                                build/stm32f7xx_hal_flash_ex.o
                                                  build/stm32f7xx_hal_flash.o
FLASH_IRQHandler                                  build/startup_stm32f767xx.o
FLASH_WaitForLastOperation                        build/stm32f7xx_hal_flash.o
                                                  build/stm32f7xx_hal_flash_ex.o
FMC_IRQHandler                                    build/startup_stm32f767xx.o
FPU_IRQHandler                                    build/startup_stm32f767xx.o
FS_Desc                                           build/usbd_desc.o
                                                  build/usb_device.o
Flashed_offset                                    build/bootloader.o
                                                  build/main.o
HAL_DBGMCU_DisableDBGSleepMode                    build/stm32f7xx_hal.o
HAL_DBGMCU_DisableDBGStandbyMode                  build/stm32f7xx_hal.o
HAL_DBGMCU_DisableDBGStopMode                     build/stm32f7xx_hal.o
HAL_DBGMCU_EnableDBGSleepMode                     build/stm32f7xx_hal.o
HAL_DBGMCU_EnableDBGStandbyMode                   build/stm32f7xx_hal.o
HAL_DBGMCU_EnableDBGStopMode                      build/stm32f7xx_hal.o
HAL_DMAEx_ChangeMemory                            build/stm32f7xx_hal_dma_ex.o
HAL_DMAEx_MultiBufferStart                        build/stm32f7xx_hal_dma_ex.o
HAL_DMAEx_MultiBufferStart_IT                     build/stm32f7xx_hal_dma_ex.o
HAL_DMA_Abort                                     build/stm32f7xx_hal_dma.o
                                                  build/stm32f7xx_hal_uart.o
HAL_DMA_Abort_IT                                  build/stm32f7xx_hal_dma.o
                                                  build/stm32f7xx_hal_uart.o
                                                  build/stm32f7xx_hal_i2c.o
HAL_DMA_DeInit                                    build/stm32f7xx_hal_dma.o
HAL_DMA_GetError                                  build/stm32f7xx_hal_dma.o
                                                  build/stm32f7xx_hal_uart.o
                                                  build/stm32f7xx_hal_i2c.o
HAL_DMA_GetState                                  build/stm32f7xx_hal_dma.o
HAL_DMA_IRQHandler                                build/stm32f7xx_hal_dma.o
HAL_DMA_Init                                      build/stm32f7xx_hal_dma.o
HAL_DMA_PollForTransfer                           build/stm32f7xx_hal_dma.o
HAL_DMA_RegisterCallback                          build/stm32f7xx_hal_dma.o
HAL_DMA_Start                                     build/stm32f7xx_hal_dma.o
HAL_DMA_Start_IT                                  build/stm32f7xx_hal_dma.o
                                                  build/stm32f7xx_hal_uart.o
                                                  build/stm32f7xx_hal_i2c.o
HAL_DMA_UnRegisterCallback                        build/stm32f7xx_hal_dma.o
HAL_DeInit                                        build/stm32f7xx_hal.o
                                                  build/bootloader.o
HAL_Delay                                         build/stm32f7xx_hal.o
                                                  build/stm32f7xx_ll_usb.o
                                                  build/usbd_conf.o
                                                  build/bootloader.o
HAL_DisableCompensationCell                       build/stm32f7xx_hal.o
HAL_DisableFMCMemorySwapping                      build/stm32f7xx_hal.o
HAL_DisableMemorySwappingBank                     build/stm32f7xx_hal.o
HAL_EXTI_ClearConfigLine                          build/stm32f7xx_hal_exti.o
HAL_EXTI_ClearPending                             build/stm32f7xx_hal_exti.o
HAL_EXTI_GenerateSWI                              build/stm32f7xx_hal_exti.o
HAL_EXTI_GetConfigLine                            build/stm32f7xx_hal_exti.o
HAL_EXTI_GetHandle                                build/stm32f7xx_hal_exti.o
HAL_EXTI_GetPending                               build/stm32f7xx_hal_exti.o
HAL_EXTI_IRQHandler                               build/stm32f7xx_hal_exti.o
HAL_EXTI_RegisterCallback                         build/stm32f7xx_hal_exti.o
HAL_EXTI_SetConfigLine                            build/stm32f7xx_hal_exti.o
HAL_EnableCompensationCell                        build/stm32f7xx_hal.o
HAL_EnableFMCMemorySwapping                       build/stm32f7xx_hal.o
HAL_EnableMemorySwappingBank                      build/stm32f7xx_hal.o
HAL_FLASHEx_Erase                                 build/stm32f7xx_hal_flash_ex.o
                                                  build/bootloader.o
HAL_FLASHEx_Erase_IT                              build/stm32f7xx_hal_flash_ex.o
HAL_FLASHEx_OBGetConfig                           build/stm32f7xx_hal_flash_ex.o
HAL_FLASHEx_OBProgram                             build/stm32f7xx_hal_flash_ex.o
HAL_FLASH_EndOfOperationCallback                  build/stm32f7xx_hal_flash.o
HAL_FLASH_GetError                                build/stm32f7xx_hal_flash.o
HAL_FLASH_IRQHandler                              build/stm32f7xx_hal_flash.o
HAL_FLASH_Lock                                    build/stm32f7xx_hal_flash.o
                                                  build/bootloader.o
HAL_FLASH_OB_Launch                               build/stm32f7xx_hal_flash.o
HAL_FLASH_OB_Lock                                 build/stm32f7xx_hal_flash.o
HAL_FLASH_OB_Unlock                               build/stm32f7xx_hal_flash.o
HAL_FLASH_OperationErrorCallback                  build/stm32f7xx_hal_flash.o
HAL_FLASH_Program                                 build/stm32f7xx_hal_flash.o
                                                  build/bootloader.o
HAL_FLASH_Program_IT                              build/stm32f7xx_hal_flash.o
HAL_FLASH_Unlock                                  build/stm32f7xx_hal_flash.o
                                                  build/bootloader.o
HAL_GPIO_DeInit                                   build/stm32f7xx_hal_gpio.o
                                                  build/usbd_conf.o
                                                  build/bootloader.o
                                                  build/stm32f7xx_hal_msp.o
HAL_GPIO_EXTI_Callback                            build/stm32f7xx_hal_gpio.o
HAL_GPIO_EXTI_IRQHandler                          build/stm32f7xx_hal_gpio.o
HAL_GPIO_Init                                     build/stm32f7xx_hal_gpio.o
                                                  build/stm32f7xx_hal_rcc.o
                                                  build/usbd_conf.o
                                                  build/stm32f7xx_hal_msp.o
                                                  build/main.o
HAL_GPIO_LockPin                                  build/stm32f7xx_hal_gpio.o
HAL_GPIO_ReadPin                                  build/stm32f7xx_hal_gpio.o
HAL_GPIO_TogglePin                                build/stm32f7xx_hal_gpio.o
HAL_GPIO_WritePin                                 build/stm32f7xx_hal_gpio.o
                                                  build/bootloader.o
                                                  build/main.o
HAL_GetDEVID                                      build/stm32f7xx_hal.o
HAL_GetHalVersion                                 build/stm32f7xx_hal.o
HAL_GetREVID                                      build/stm32f7xx_hal.o
HAL_GetTick                                       build/stm32f7xx_hal.o
                                                  build/stm32f7xx_hal_uart_ex.o
                                                  build/stm32f7xx_hal_uart.o
                                                  build/stm32f7xx_hal_i2c.o
                                                  build/stm32f7xx_hal_pwr_ex.o
                                                  build/stm32f7xx_hal_dma.o
                                                  build/stm32f7xx_hal_flash.o
                                                  build/stm32f7xx_hal_rcc_ex.o
                                                  build/stm32f7xx_hal_rcc.o
HAL_GetTickFreq                                   build/stm32f7xx_hal.o
HAL_GetTickPrio                                   build/stm32f7xx_hal.o
HAL_GetUIDw0                                      build/stm32f7xx_hal.o
HAL_GetUIDw1                                      build/stm32f7xx_hal.o
HAL_GetUIDw2                                      build/stm32f7xx_hal.o
HAL_HalfDuplex_EnableReceiver                     build/stm32f7xx_hal_uart.o
HAL_HalfDuplex_EnableTransmitter                  build/stm32f7xx_hal_uart.o
HAL_HalfDuplex_Init                               build/stm32f7xx_hal_uart.o
HAL_I2CEx_ConfigAnalogFilter                      build/stm32f7xx_hal_i2c_ex.o